Archive member included to satisfy reference by file (symbol)

/usr/lib/gcc/avr/4.9.2/../../../avr/lib/avr5/libm.a(fixsfsi.o)
                              .build/obj_kb_default/common/mousekey.o (__fixsfsi)
/usr/lib/gcc/avr/4.9.2/../../../avr/lib/avr5/libm.a(fixunssfsi.o)
                              /usr/lib/gcc/avr/4.9.2/../../../avr/lib/avr5/libm.a(fixsfsi.o) (__fixunssfsi)
/usr/lib/gcc/avr/4.9.2/../../../avr/lib/avr5/libm.a(floatsisf.o)
                              .build/obj_kb_default/common/mousekey.o (__floatsisf)
/usr/lib/gcc/avr/4.9.2/../../../avr/lib/avr5/libm.a(fp_split3.o)
                              /usr/lib/gcc/avr/4.9.2/../../../avr/lib/avr5/libm.a(fixunssfsi.o) (__fp_splitA)
/usr/lib/gcc/avr/4.9.2/../../../avr/lib/avr5/libm.a(fp_zero.o)
                              /usr/lib/gcc/avr/4.9.2/../../../avr/lib/avr5/libm.a(fixunssfsi.o) (__fp_zero)
/usr/lib/gcc/avr/4.9.2/../../../avr/lib/avr5/libm.a(mulsf3.o)
                              .build/obj_kb_default/common/mousekey.o (__mulsf3)
/usr/lib/gcc/avr/4.9.2/../../../avr/lib/avr5/libm.a(mulsf3x.o)
                              /usr/lib/gcc/avr/4.9.2/../../../avr/lib/avr5/libm.a(mulsf3.o) (__mulsf3x)
/usr/lib/gcc/avr/4.9.2/../../../avr/lib/avr5/libm.a(fp_inf.o)
                              /usr/lib/gcc/avr/4.9.2/../../../avr/lib/avr5/libm.a(mulsf3x.o) (__fp_inf)
/usr/lib/gcc/avr/4.9.2/../../../avr/lib/avr5/libm.a(fp_nan.o)
                              /usr/lib/gcc/avr/4.9.2/../../../avr/lib/avr5/libm.a(mulsf3x.o) (__fp_nan)
/usr/lib/gcc/avr/4.9.2/../../../avr/lib/avr5/libm.a(fp_pscA.o)
                              /usr/lib/gcc/avr/4.9.2/../../../avr/lib/avr5/libm.a(mulsf3x.o) (__fp_pscA)
/usr/lib/gcc/avr/4.9.2/../../../avr/lib/avr5/libm.a(fp_pscB.o)
                              /usr/lib/gcc/avr/4.9.2/../../../avr/lib/avr5/libm.a(mulsf3x.o) (__fp_pscB)
/usr/lib/gcc/avr/4.9.2/../../../avr/lib/avr5/libm.a(fp_round.o)
                              /usr/lib/gcc/avr/4.9.2/../../../avr/lib/avr5/libm.a(mulsf3.o) (__fp_round)
/usr/lib/gcc/avr/4.9.2/avr5/libgcc.a(_divmodhi4.o)
                              .build/obj_kb_default/common/mousekey.o (__divmodhi4)
/usr/lib/gcc/avr/4.9.2/avr5/libgcc.a(_exit.o)
                              /usr/lib/gcc/avr/4.9.2/../../../avr/lib/avr5/crtatmega32u4.o (exit)
/usr/lib/gcc/avr/4.9.2/avr5/libgcc.a(_tablejump2.o)
                              .build/obj_kb_default/quantum/quantum.o (__tablejump2__)
/usr/lib/gcc/avr/4.9.2/avr5/libgcc.a(_copy_data.o)
                              .build/obj_kb_default/quantum/matrix.o (__do_copy_data)
/usr/lib/gcc/avr/4.9.2/avr5/libgcc.a(_clear_bss.o)
                              .build/obj_kb_default/quantum/quantum.o (__do_clear_bss)
/usr/lib/gcc/avr/4.9.2/avr5/libgcc.a(_udivmodhi4.o)
                              /usr/lib/gcc/avr/4.9.2/avr5/libgcc.a(_divmodhi4.o) (__udivmodhi4)
/usr/lib/gcc/avr/4.9.2/../../../avr/lib/avr5/libatmega32u4.a(eerd_byte.o)
                              .build/obj_kb_default/common/eeconfig.o (eeprom_read_byte)
/usr/lib/gcc/avr/4.9.2/../../../avr/lib/avr5/libatmega32u4.a(eerd_word.o)
                              .build/obj_kb_default/common/eeconfig.o (eeprom_read_word)
/usr/lib/gcc/avr/4.9.2/../../../avr/lib/avr5/libatmega32u4.a(eeupd_byte.o)
                              .build/obj_kb_default/common/eeconfig.o (eeprom_update_byte)
/usr/lib/gcc/avr/4.9.2/../../../avr/lib/avr5/libatmega32u4.a(eeupd_word.o)
                              .build/obj_kb_default/common/eeconfig.o (eeprom_update_word)
/usr/lib/gcc/avr/4.9.2/../../../avr/lib/avr5/libatmega32u4.a(eerd_block.o)
                              /usr/lib/gcc/avr/4.9.2/../../../avr/lib/avr5/libatmega32u4.a(eerd_word.o) (eeprom_read_blraw)

Allocating common symbols
Common symbol       size              file

USB_IsInitialized   0x1               .build/obj_kb_default/protocol/lufa/LUFA-git/LUFA/Drivers/USB/Core/USBTask.o
keymap_config       0x2               .build/obj_kb_default/common/bootmagic.o
USB_DeviceState     0x1               .build/obj_kb_default/protocol/lufa/LUFA-git/LUFA/Drivers/USB/Core/USBTask.o
USB_Device_ConfigurationNumber
                    0x1               .build/obj_kb_default/protocol/lufa/LUFA-git/LUFA/Drivers/USB/Core/DeviceStandardReq.o
USB_Device_CurrentlySelfPowered
                    0x1               .build/obj_kb_default/protocol/lufa/LUFA-git/LUFA/Drivers/USB/Core/DeviceStandardReq.o
USB_ControlRequest  0x8               .build/obj_kb_default/protocol/lufa/LUFA-git/LUFA/Drivers/USB/Core/USBTask.o
USB_Device_RemoteWakeupEnabled
                    0x1               .build/obj_kb_default/protocol/lufa/LUFA-git/LUFA/Drivers/USB/Core/DeviceStandardReq.o
timer_count         0x4               .build/obj_kb_default/common/avr/timer.o

Discarded input sections

 .data          0x0000000000000000        0x0 /usr/lib/gcc/avr/4.9.2/../../../avr/lib/avr5/crtatmega32u4.o
[...]
Memory Configuration

Name             Origin             Length             Attributes
text             0x0000000000000000 0x0000000000020000 xr
data             0x0000000000800060 0x000000000000ffa0 rw !x
eeprom           0x0000000000810000 0x0000000000010000 rw !x
fuse             0x0000000000820000 0x0000000000000400 rw !x
lock             0x0000000000830000 0x0000000000000400 rw !x
signature        0x0000000000840000 0x0000000000000400 rw !x
user_signatures  0x0000000000850000 0x0000000000000400 rw !x
*default*        0x0000000000000000 0xffffffffffffffff

Linker script and memory map

Address of section .data set to 0x800100
LOAD /usr/lib/gcc/avr/4.9.2/../../../avr/lib/avr5/crtatmega32u4.o
LOAD .build/obj_kb_default/keyboards/kb/kb.o
LOAD .build/obj_kb_default/keyboards/kb/keymaps/default/keymap.o
LOAD .build/obj_kb_default/quantum/quantum.o
LOAD .build/obj_kb_default/quantum/keymap_common.o
LOAD .build/obj_kb_default/quantum/keycode_config.o
LOAD .build/obj_kb_default/quantum/process_keycode/process_leader.o
LOAD .build/obj_kb_default/quantum/matrix.o
LOAD .build/obj_kb_default/common/host.o
LOAD .build/obj_kb_default/common/keyboard.o
LOAD .build/obj_kb_default/common/action.o
LOAD .build/obj_kb_default/common/action_tapping.o
LOAD .build/obj_kb_default/common/action_macro.o
LOAD .build/obj_kb_default/common/action_layer.o
LOAD .build/obj_kb_default/common/action_util.o
LOAD .build/obj_kb_default/common/print.o
LOAD .build/obj_kb_default/common/debug.o
LOAD .build/obj_kb_default/common/util.o
LOAD .build/obj_kb_default/common/eeconfig.o
LOAD .build/obj_kb_default/common/avr/suspend.o
LOAD .build/obj_kb_default/common/avr/timer.o
LOAD .build/obj_kb_default/common/avr/bootloader.o
LOAD .build/obj_kb_default/common/avr/xprintf.o
LOAD .build/obj_kb_default/common/bootmagic.o
LOAD .build/obj_kb_default/common/mousekey.o
LOAD .build/obj_kb_default/lufa.o
LOAD .build/obj_kb_default/descriptor.o
LOAD .build/obj_kb_default/protocol/lufa/LUFA-git/LUFA/Drivers/USB/Class/Common/HIDParser.o
LOAD .build/obj_kb_default/protocol/lufa/LUFA-git/LUFA/Drivers/USB/Core/AVR8/Device_AVR8.o
LOAD .build/obj_kb_default/protocol/lufa/LUFA-git/LUFA/Drivers/USB/Core/AVR8/EndpointStream_AVR8.o
LOAD .build/obj_kb_default/protocol/lufa/LUFA-git/LUFA/Drivers/USB/Core/AVR8/Endpoint_AVR8.o
LOAD .build/obj_kb_default/protocol/lufa/LUFA-git/LUFA/Drivers/USB/Core/AVR8/Host_AVR8.o
LOAD .build/obj_kb_default/protocol/lufa/LUFA-git/LUFA/Drivers/USB/Core/AVR8/PipeStream_AVR8.o
LOAD .build/obj_kb_default/protocol/lufa/LUFA-git/LUFA/Drivers/USB/Core/AVR8/Pipe_AVR8.o
LOAD .build/obj_kb_default/protocol/lufa/LUFA-git/LUFA/Drivers/USB/Core/AVR8/USBController_AVR8.o
LOAD .build/obj_kb_default/protocol/lufa/LUFA-git/LUFA/Drivers/USB/Core/AVR8/USBInterrupt_AVR8.o
LOAD .build/obj_kb_default/protocol/lufa/LUFA-git/LUFA/Drivers/USB/Core/ConfigDescriptors.o
LOAD .build/obj_kb_default/protocol/lufa/LUFA-git/LUFA/Drivers/USB/Core/DeviceStandardReq.o
LOAD .build/obj_kb_default/protocol/lufa/LUFA-git/LUFA/Drivers/USB/Core/Events.o
LOAD .build/obj_kb_default/protocol/lufa/LUFA-git/LUFA/Drivers/USB/Core/HostStandardReq.o
LOAD .build/obj_kb_default/protocol/lufa/LUFA-git/LUFA/Drivers/USB/Core/USBTask.o
LOAD /usr/lib/gcc/avr/4.9.2/../../../avr/lib/avr5/libm.a
START GROUP
LOAD /usr/lib/gcc/avr/4.9.2/avr5/libgcc.a
LOAD /usr/lib/gcc/avr/4.9.2/../../../avr/lib/avr5/libm.a
LOAD /usr/lib/gcc/avr/4.9.2/../../../avr/lib/avr5/libc.a
LOAD /usr/lib/gcc/avr/4.9.2/../../../avr/lib/avr5/libatmega32u4.a
END GROUP
                0x0000000000020000                __TEXT_REGION_LENGTH__ = DEFINED (__TEXT_REGION_LENGTH__)?__TEXT_REGION_LENGTH__:0x20000
                0x000000000000ffa0                __DATA_REGION_LENGTH__ = DEFINED (__DATA_REGION_LENGTH__)?__DATA_REGION_LENGTH__:0xffa0
                0x0000000000010000                __EEPROM_REGION_LENGTH__ = DEFINED (__EEPROM_REGION_LENGTH__)?__EEPROM_REGION_LENGTH__:0x10000
                0x0000000000000400                __FUSE_REGION_LENGTH__ = DEFINED (__FUSE_REGION_LENGTH__)?__FUSE_REGION_LENGTH__:0x400
                0x0000000000000400                __LOCK_REGION_LENGTH__ = DEFINED (__LOCK_REGION_LENGTH__)?__LOCK_REGION_LENGTH__:0x400
                0x0000000000000400                __SIGNATURE_REGION_LENGTH__ = DEFINED (__SIGNATURE_REGION_LENGTH__)?__SIGNATURE_REGION_LENGTH__:0x400
                0x0000000000000400                __USER_SIGNATURE_REGION_LENGTH__ = DEFINED (__USER_SIGNATURE_REGION_LENGTH__)?__USER_SIGNATURE_REGION_LENGTH__:0x400

.hash
 *(.hash)

.dynsym
 *(.dynsym)

.dynstr
 *(.dynstr)

.gnu.version
 *(.gnu.version)

.gnu.version_d
 *(.gnu.version_d)

.gnu.version_r
 *(.gnu.version_r)

.rel.init
 *(.rel.init)

.rela.init
 *(.rela.init)

.rel.text
 *(.rel.text)
 *(.rel.text.*)
 *(.rel.gnu.linkonce.t*)

.rela.text
 *(.rela.text)
 *(.rela.text.*)
 *(.rela.gnu.linkonce.t*)

.rel.fini
 *(.rel.fini)

.rela.fini
 *(.rela.fini)

.rel.rodata
 *(.rel.rodata)
 *(.rel.rodata.*)
 *(.rel.gnu.linkonce.r*)

.rela.rodata
 *(.rela.rodata)
 *(.rela.rodata.*)
 *(.rela.gnu.linkonce.r*)

.rel.data
 *(.rel.data)
 *(.rel.data.*)
 *(.rel.gnu.linkonce.d*)

.rela.data
 *(.rela.data)
 *(.rela.data.*)
 *(.rela.gnu.linkonce.d*)

.rel.ctors
 *(.rel.ctors)

.rela.ctors
 *(.rela.ctors)

.rel.dtors
 *(.rel.dtors)

.rela.dtors
 *(.rela.dtors)

.rel.got
 *(.rel.got)

.rela.got
 *(.rela.got)

.rel.bss
 *(.rel.bss)

.rela.bss
 *(.rela.bss)

.rel.plt
 *(.rel.plt)

.rela.plt
 *(.rela.plt)

.text           0x0000000000000000     0x4130
 *(.vectors)
 .vectors       0x0000000000000000       0xac /usr/lib/gcc/avr/4.9.2/../../../avr/lib/avr5/crtatmega32u4.o
                0x0000000000000000                __vectors
                0x0000000000000000                __vector_default
 *(.vectors)
 *(.progmem.gcc*)
 .progmem.gcc_sw_table.process_record_quantum
                0x00000000000000ac       0x24 .build/obj_kb_default/quantum/quantum.o
 .progmem.gcc_sw_table.process_action
                0x00000000000000d0       0x4a .build/obj_kb_default/common/action.o
 .progmem.gcc_sw_table.is_tap_key
                0x000000000000011a       0x1c .build/obj_kb_default/common/action.o
 .progmem.gcc_sw_table.USB_Device_ProcessControlRequest
                0x0000000000000136       0x14 .build/obj_kb_default/protocol/lufa/LUFA-git/LUFA/Drivers/USB/Core/DeviceStandardReq.o
                0x000000000000014a                . = ALIGN (0x2)
                0x000000000000014a                __trampolines_start = .
 *(.trampolines)
 .trampolines   0x000000000000014a        0x0 linker stubs
 *(.trampolines*)
                0x000000000000014a                __trampolines_end = .
 *libprintf_flt.a:*(.progmem.data)
 *libc.a:*(.progmem.data)
 *(.progmem*)
 .progmem.data.keymaps
                0x000000000000014a      0x280 .build/obj_kb_default/keyboards/kb/keymaps/default/keymap.o
                0x000000000000014a                keymaps
 .progmem.data.fn_actions
                0x00000000000003ca        0x0 .build/obj_kb_default/quantum/keymap_common.o
                0x00000000000003ca                fn_actions
 .progmem.data.ProductString
                0x00000000000003ca       0x14 .build/obj_kb_default/descriptor.o
                0x00000000000003ca                ProductString
 .progmem.data.ManufacturerString
                0x00000000000003de       0x18 .build/obj_kb_default/descriptor.o
                0x00000000000003de                ManufacturerString
 .progmem.data.LanguageString
                0x00000000000003f6        0x4 .build/obj_kb_default/descriptor.o
                0x00000000000003f6                LanguageString
 .progmem.data.ConfigurationDescriptor
                0x00000000000003fa       0x6d .build/obj_kb_default/descriptor.o
                0x00000000000003fa                ConfigurationDescriptor
 .progmem.data.DeviceDescriptor
                0x0000000000000467       0x12 .build/obj_kb_default/descriptor.o
                0x0000000000000467                DeviceDescriptor
 .progmem.data.NKROReport
                0x0000000000000479       0x39 .build/obj_kb_default/descriptor.o
                0x0000000000000479                NKROReport
 .progmem.data.ExtrakeyReport
                0x00000000000004b2       0x36 .build/obj_kb_default/descriptor.o
                0x00000000000004b2                ExtrakeyReport
 .progmem.data.MouseReport
                0x00000000000004e8       0x4d .build/obj_kb_default/descriptor.o
                0x00000000000004e8                MouseReport
 .progmem.data.KeyboardReport
                0x0000000000000535       0x40 .build/obj_kb_default/descriptor.o
                0x0000000000000535                KeyboardReport
                0x0000000000000576                . = ALIGN (0x2)
 *fill*         0x0000000000000575        0x1 
 *(.jumptables)
 *(.jumptables*)
 *(.lowtext)
 *(.lowtext*)
                0x0000000000000576                __ctors_start = .
 *(.ctors)
                0x0000000000000576                __ctors_end = .
                0x0000000000000576                __dtors_start = .
 *(.dtors)
                0x0000000000000576                __dtors_end = .
 SORT(*)(.ctors)
 SORT(*)(.dtors)
 *(.init0)
 .init0         0x0000000000000576        0x0 /usr/lib/gcc/avr/4.9.2/../../../avr/lib/avr5/crtatmega32u4.o
                0x0000000000000576                __init
 *(.init0)
 *(.init1)
 *(.init1)
 *(.init2)
 .init2         0x0000000000000576        0xc /usr/lib/gcc/avr/4.9.2/../../../avr/lib/avr5/crtatmega32u4.o
 *(.init2)
 *(.init3)
 .init3         0x0000000000000582       0x54 .build/obj_kb_default/common/avr/bootloader.o
                0x0000000000000582                bootloader_jump_after_watchdog_reset
 *(.init3)
 *(.init4)
 .init4         0x00000000000005d6       0x16 /usr/lib/gcc/avr/4.9.2/avr5/libgcc.a(_copy_data.o)
                0x00000000000005d6                __do_copy_data
 .init4         0x00000000000005ec       0x10 /usr/lib/gcc/avr/4.9.2/avr5/libgcc.a(_clear_bss.o)
                0x00000000000005ec                __do_clear_bss
 *(.init4)
 *(.init5)
 *(.init5)
 *(.init6)
 *(.init6)
 *(.init7)
 *(.init7)
 *(.init8)
 *(.init8)
 *(.init9)
 .init9         0x00000000000005fc        0x8 /usr/lib/gcc/avr/4.9.2/../../../avr/lib/avr5/crtatmega32u4.o
 *(.init9)
 *(.text)
 .text          0x0000000000000604        0x4 /usr/lib/gcc/avr/4.9.2/../../../avr/lib/avr5/crtatmega32u4.o
                0x0000000000000604                __vector_38
                0x0000000000000604                __vector_22
                0x0000000000000604                __vector_28
                0x0000000000000604                __vector_1
                0x0000000000000604                __vector_32
                0x0000000000000604                __vector_34
                0x0000000000000604                __vector_24
                0x0000000000000604                __bad_interrupt
                0x0000000000000604                __vector_6
                0x0000000000000604                __vector_31
                0x0000000000000604                __vector_35
                0x0000000000000604                __vector_39
                0x0000000000000604                __vector_3
                0x0000000000000604                __vector_23
                0x0000000000000604                __vector_30
                0x0000000000000604                __vector_25
                0x0000000000000604                __vector_13
                0x0000000000000604                __vector_17
                0x0000000000000604                __vector_19
                0x0000000000000604                __vector_7
                0x0000000000000604                __vector_41
                0x0000000000000604                __vector_27
                0x0000000000000604                __vector_5
                0x0000000000000604                __vector_33
                0x0000000000000604                __vector_37
                0x0000000000000604                __vector_4
                0x0000000000000604                __vector_9
                0x0000000000000604                __vector_2
                0x0000000000000604                __vector_15
                0x0000000000000604                __vector_36
                0x0000000000000604                __vector_29
                0x0000000000000604                __vector_40
                0x0000000000000604                __vector_8
                0x0000000000000604                __vector_26
                0x0000000000000604                __vector_14
                0x0000000000000604                __vector_16
                0x0000000000000604                __vector_18
                0x0000000000000604                __vector_20
                0x0000000000000604                __vector_42
                0x0000000000000608                . = ALIGN (0x2)
 *(.text.*)
 .text.action_get_macro
                0x0000000000000608        0x6 .build/obj_kb_default/keyboards/kb/keymaps/default/keymap.o
                0x0000000000000608                action_get_macro
 .text.matrix_init_user
                0x000000000000060e        0x2 .build/obj_kb_default/keyboards/kb/keymaps/default/keymap.o
                0x000000000000060e                matrix_init_user
 .text.matrix_scan_user
                0x0000000000000610        0x2 .build/obj_kb_default/keyboards/kb/keymaps/default/keymap.o
                0x0000000000000610                matrix_scan_user
 .text.process_record_user
                0x0000000000000612        0x4 .build/obj_kb_default/keyboards/kb/keymaps/default/keymap.o
                0x0000000000000612                process_record_user
 .text.led_set_user
                0x0000000000000616        0x2 .build/obj_kb_default/keyboards/kb/keymaps/default/keymap.o
                0x0000000000000616                led_set_user
 .text.process_action_kb
                0x0000000000000618        0x4 .build/obj_kb_default/quantum/quantum.o
                0x0000000000000618                process_action_kb
 .text.process_record_kb
                0x000000000000061c        0x4 .build/obj_kb_default/quantum/quantum.o
                0x000000000000061c                process_record_kb
 .text.reset_keyboard
                0x0000000000000620       0x1a .build/obj_kb_default/quantum/quantum.o
                0x0000000000000620                reset_keyboard
 .text.process_record_quantum
                0x000000000000063a      0x222 .build/obj_kb_default/quantum/quantum.o
                0x000000000000063a                process_record_quantum
 .text.matrix_init_quantum
                0x000000000000085c        0x4 .build/obj_kb_default/quantum/quantum.o
                0x000000000000085c                matrix_init_quantum
 .text.matrix_scan_quantum
                0x0000000000000860        0x4 .build/obj_kb_default/quantum/quantum.o
                0x0000000000000860                matrix_scan_quantum
 .text.led_set_kb
                0x0000000000000864        0x4 .build/obj_kb_default/quantum/quantum.o
                0x0000000000000864                led_set_kb
 .text.led_set  0x0000000000000868        0x4 .build/obj_kb_default/quantum/quantum.o
                0x0000000000000868                led_set
 .text.action_function
                0x000000000000086c        0x2 .build/obj_kb_default/quantum/keymap_common.o
                0x000000000000086c                action_function
 .text.keymap_key_to_keycode
                0x000000000000086e       0x28 .build/obj_kb_default/quantum/keymap_common.o
                0x000000000000086e                keymap_key_to_keycode
 .text.keymap_function_id_to_action
                0x0000000000000896       0x10 .build/obj_kb_default/quantum/keymap_common.o
                0x0000000000000896                keymap_function_id_to_action
 .text.action_for_key
                0x00000000000008a6      0x2f0 .build/obj_kb_default/quantum/keymap_common.o
                0x00000000000008a6                action_for_key
 .text.keycode_config
                0x0000000000000b96       0xfa .build/obj_kb_default/quantum/keycode_config.o
                0x0000000000000b96                keycode_config
 .text.leader_start
                0x0000000000000c90        0x2 .build/obj_kb_default/quantum/process_keycode/process_leader.o
                0x0000000000000c90                leader_start
 .text.process_leader
                0x0000000000000c92       0x9e .build/obj_kb_default/quantum/process_keycode/process_leader.o
                0x0000000000000c92                process_leader
 .text.matrix_init_kb
                0x0000000000000d30        0x4 .build/obj_kb_default/quantum/matrix.o
                0x0000000000000d30                matrix_init_kb
 .text.matrix_scan_kb
                0x0000000000000d34        0x4 .build/obj_kb_default/quantum/matrix.o
                0x0000000000000d34                matrix_scan_kb
 .text.matrix_init
                0x0000000000000d38       0xa6 .build/obj_kb_default/quantum/matrix.o
                0x0000000000000d38                matrix_init
 .text.matrix_scan
                0x0000000000000dde      0x150 .build/obj_kb_default/quantum/matrix.o
                0x0000000000000dde                matrix_scan
 .text.matrix_get_row
                0x0000000000000f2e        0xc .build/obj_kb_default/quantum/matrix.o
                0x0000000000000f2e                matrix_get_row
 .text.matrix_print
                0x0000000000000f3a        0x2 .build/obj_kb_default/quantum/matrix.o
                0x0000000000000f3a                matrix_print
 .text.host_set_driver
                0x0000000000000f3c        0xa .build/obj_kb_default/common/host.o
                0x0000000000000f3c                host_set_driver
 .text.host_keyboard_leds
                0x0000000000000f46       0x18 .build/obj_kb_default/common/host.o
                0x0000000000000f46                host_keyboard_leds
 .text.host_keyboard_send
                0x0000000000000f5e       0x16 .build/obj_kb_default/common/host.o
                0x0000000000000f5e                host_keyboard_send
 .text.host_mouse_send
                0x0000000000000f74       0x16 .build/obj_kb_default/common/host.o
                0x0000000000000f74                host_mouse_send
 .text.host_system_send
                0x0000000000000f8a       0x2c .build/obj_kb_default/common/host.o
                0x0000000000000f8a                host_system_send
 .text.host_consumer_send
                0x0000000000000fb6       0x2c .build/obj_kb_default/common/host.o
                0x0000000000000fb6                host_consumer_send
 .text.matrix_setup
                0x0000000000000fe2        0x2 .build/obj_kb_default/common/keyboard.o
                0x0000000000000fe2                matrix_setup
 .text.keyboard_setup
                0x0000000000000fe4        0x4 .build/obj_kb_default/common/keyboard.o
                0x0000000000000fe4                keyboard_setup
 .text.keyboard_init
                0x0000000000000fe8        0xc .build/obj_kb_default/common/keyboard.o
                0x0000000000000fe8                keyboard_init
 .text.keyboard_task
                0x0000000000000ff4      0x146 .build/obj_kb_default/common/keyboard.o
                0x0000000000000ff4                keyboard_task
 .text.action_exec
                0x000000000000113a       0x5c .build/obj_kb_default/common/action.o
                0x000000000000113a                action_exec
 .text.register_code
                0x0000000000001196      0x190 .build/obj_kb_default/common/action.o
                0x0000000000001196                register_code
 .text.unregister_code
                0x0000000000001326       0x9e .build/obj_kb_default/common/action.o
                0x0000000000001326                unregister_code
 .text.register_mods
                0x00000000000013c4        0xe .build/obj_kb_default/common/action.o
                0x00000000000013c4                register_mods
 .text.unregister_mods
                0x00000000000013d2        0xe .build/obj_kb_default/common/action.o
                0x00000000000013d2                unregister_mods
 .text.process_action
                0x00000000000013e0      0x452 .build/obj_kb_default/common/action.o
                0x00000000000013e0                process_action
 .text.process_record
                0x0000000000001832       0x4e .build/obj_kb_default/common/action.o
                0x0000000000001832                process_record
 .text.clear_keyboard_but_mods
                0x0000000000001880       0x28 .build/obj_kb_default/common/action.o
                0x0000000000001880                clear_keyboard_but_mods
 .text.clear_keyboard
                0x00000000000018a8        0x8 .build/obj_kb_default/common/action.o
                0x00000000000018a8                clear_keyboard
 .text.is_tap_key
                0x00000000000018b0       0x48 .build/obj_kb_default/common/action.o
                0x00000000000018b0                is_tap_key
 .text.debug_event
                0x00000000000018f8       0x1e .build/obj_kb_default/common/action.o
                0x00000000000018f8                debug_event
 .text.debug_record
                0x0000000000001916       0x20 .build/obj_kb_default/common/action.o
                0x0000000000001916                debug_record
 .text.debug_waiting_buffer
                0x0000000000001936       0x42 .build/obj_kb_default/common/action_tapping.o
 .text.debug_tapping_key
                0x0000000000001978       0x1c .build/obj_kb_default/common/action_tapping.o
 .text.waiting_buffer_scan_tap
                0x0000000000001994       0xb6 .build/obj_kb_default/common/action_tapping.o
 .text.process_tapping
                0x0000000000001a4a      0x38e .build/obj_kb_default/common/action_tapping.o
 .text.action_tapping_process
                0x0000000000001dd8      0x148 .build/obj_kb_default/common/action_tapping.o
                0x0000000000001dd8                action_tapping_process
 .text.action_macro_play
                0x0000000000001f20       0xfa .build/obj_kb_default/common/action_macro.o
                0x0000000000001f20                action_macro_play
 .text.default_layer_debug
                0x000000000000201a        0x2 .build/obj_kb_default/common/action_layer.o
                0x000000000000201a                default_layer_debug
 .text.default_layer_set
                0x000000000000201c       0x14 .build/obj_kb_default/common/action_layer.o
                0x000000000000201c                default_layer_set
 .text.default_layer_or
                0x0000000000002030       0x38 .build/obj_kb_default/common/action_layer.o
                0x0000000000002030                default_layer_or
 .text.default_layer_and
                0x0000000000002068       0x38 .build/obj_kb_default/common/action_layer.o
                0x0000000000002068                default_layer_and
 .text.default_layer_xor
                0x00000000000020a0       0x38 .build/obj_kb_default/common/action_layer.o
                0x00000000000020a0                default_layer_xor
 .text.layer_clear
                0x00000000000020d8       0x14 .build/obj_kb_default/common/action_layer.o
                0x00000000000020d8                layer_clear
 .text.layer_move
                0x00000000000020ec       0x2a .build/obj_kb_default/common/action_layer.o
                0x00000000000020ec                layer_move
 .text.layer_on
                0x0000000000002116       0x42 .build/obj_kb_default/common/action_layer.o
                0x0000000000002116                layer_on
 .text.layer_off
                0x0000000000002158       0x4a .build/obj_kb_default/common/action_layer.o
                0x0000000000002158                layer_off
 .text.layer_invert
                0x00000000000021a2       0x42 .build/obj_kb_default/common/action_layer.o
                0x00000000000021a2                layer_invert
 .text.layer_or
                0x00000000000021e4       0x38 .build/obj_kb_default/common/action_layer.o
                0x00000000000021e4                layer_or
 .text.layer_and
                0x000000000000221c       0x38 .build/obj_kb_default/common/action_layer.o
                0x000000000000221c                layer_and
 .text.layer_xor
                0x0000000000002254       0x38 .build/obj_kb_default/common/action_layer.o
                0x0000000000002254                layer_xor
 .text.layer_debug
                0x000000000000228c        0x2 .build/obj_kb_default/common/action_layer.o
                0x000000000000228c                layer_debug
 .text.update_source_layers_cache
                0x000000000000228e       0x5c .build/obj_kb_default/common/action_layer.o
                0x000000000000228e                update_source_layers_cache
 .text.read_source_layers_cache
                0x00000000000022ea       0x56 .build/obj_kb_default/common/action_layer.o
                0x00000000000022ea                read_source_layers_cache
 .text.layer_switch_get_layer
                0x0000000000002340       0x7e .build/obj_kb_default/common/action_layer.o
                0x0000000000002340                layer_switch_get_layer
 .text.layer_switch_get_action
                0x00000000000023be       0x16 .build/obj_kb_default/common/action_layer.o
                0x00000000000023be                layer_switch_get_action
 .text.store_or_get_action
                0x00000000000023d4       0x46 .build/obj_kb_default/common/action_layer.o
                0x00000000000023d4                store_or_get_action
 .text.get_oneshot_layer
                0x000000000000241a        0xc .build/obj_kb_default/common/action_util.o
                0x000000000000241a                get_oneshot_layer
 .text.get_oneshot_layer_state
                0x0000000000002426        0x8 .build/obj_kb_default/common/action_util.o
                0x0000000000002426                get_oneshot_layer_state
 .text.set_oneshot_layer
                0x000000000000242e       0x12 .build/obj_kb_default/common/action_util.o
                0x000000000000242e                set_oneshot_layer
 .text.clear_oneshot_layer_state
                0x0000000000002440       0x2e .build/obj_kb_default/common/action_util.o
                0x0000000000002440                clear_oneshot_layer_state
 .text.is_oneshot_layer_active
                0x000000000000246e        0xe .build/obj_kb_default/common/action_util.o
                0x000000000000246e                is_oneshot_layer_active
 .text.add_key  0x000000000000247c       0x84 .build/obj_kb_default/common/action_util.o
                0x000000000000247c                add_key
 .text.del_key  0x0000000000002500       0x6c .build/obj_kb_default/common/action_util.o
                0x0000000000002500                del_key
 .text.clear_keys
                0x000000000000256c       0x1c .build/obj_kb_default/common/action_util.o
                0x000000000000256c                clear_keys
 .text.add_mods
                0x0000000000002588        0xc .build/obj_kb_default/common/action_util.o
                0x0000000000002588                add_mods
 .text.del_mods
                0x0000000000002594        0xe .build/obj_kb_default/common/action_util.o
                0x0000000000002594                del_mods
 .text.clear_mods
                0x00000000000025a2        0x6 .build/obj_kb_default/common/action_util.o
                0x00000000000025a2                clear_mods
 .text.add_weak_mods
                0x00000000000025a8        0xc .build/obj_kb_default/common/action_util.o
                0x00000000000025a8                add_weak_mods
 .text.del_weak_mods
                0x00000000000025b4        0xe .build/obj_kb_default/common/action_util.o
                0x00000000000025b4                del_weak_mods
 .text.clear_weak_mods
                0x00000000000025c2        0x6 .build/obj_kb_default/common/action_util.o
                0x00000000000025c2                clear_weak_mods
 .text.add_macro_mods
                0x00000000000025c8        0xc .build/obj_kb_default/common/action_util.o
                0x00000000000025c8                add_macro_mods
 .text.del_macro_mods
                0x00000000000025d4        0xe .build/obj_kb_default/common/action_util.o
                0x00000000000025d4                del_macro_mods
 .text.clear_macro_mods
                0x00000000000025e2        0x6 .build/obj_kb_default/common/action_util.o
                0x00000000000025e2                clear_macro_mods
 .text.set_oneshot_mods
                0x00000000000025e8        0x6 .build/obj_kb_default/common/action_util.o
                0x00000000000025e8                set_oneshot_mods
 .text.clear_oneshot_mods
                0x00000000000025ee        0x6 .build/obj_kb_default/common/action_util.o
                0x00000000000025ee                clear_oneshot_mods
 .text.has_anykey
                0x00000000000025f4       0x22 .build/obj_kb_default/common/action_util.o
                0x00000000000025f4                has_anykey
 .text.send_keyboard_report
                0x0000000000002616       0x5e .build/obj_kb_default/common/action_util.o
                0x0000000000002616                send_keyboard_report
 .text.eeconfig_init
                0x0000000000002674       0x34 .build/obj_kb_default/common/eeconfig.o
                0x0000000000002674                eeconfig_init
 .text.eeconfig_is_enabled
                0x00000000000026a8       0x16 .build/obj_kb_default/common/eeconfig.o
                0x00000000000026a8                eeconfig_is_enabled
 .text.eeconfig_read_debug
                0x00000000000026be        0x8 .build/obj_kb_default/common/eeconfig.o
                0x00000000000026be                eeconfig_read_debug
 .text.eeconfig_update_debug
                0x00000000000026c6        0xa .build/obj_kb_default/common/eeconfig.o
                0x00000000000026c6                eeconfig_update_debug
 .text.eeconfig_read_default_layer
                0x00000000000026d0        0x8 .build/obj_kb_default/common/eeconfig.o
                0x00000000000026d0                eeconfig_read_default_layer
 .text.eeconfig_update_default_layer
                0x00000000000026d8        0xa .build/obj_kb_default/common/eeconfig.o
                0x00000000000026d8                eeconfig_update_default_layer
 .text.eeconfig_read_keymap
                0x00000000000026e2        0x8 .build/obj_kb_default/common/eeconfig.o
                0x00000000000026e2                eeconfig_read_keymap
 .text.eeconfig_update_keymap
                0x00000000000026ea        0xa .build/obj_kb_default/common/eeconfig.o
                0x00000000000026ea                eeconfig_update_keymap
 .text.suspend_power_down
                0x00000000000026f4       0x58 .build/obj_kb_default/common/avr/suspend.o
                0x00000000000026f4                suspend_power_down
 .text.matrix_power_up
                0x000000000000274c        0x2 .build/obj_kb_default/common/avr/suspend.o
                0x000000000000274c                matrix_power_up
 .text.matrix_power_down
                0x000000000000274e        0x2 .build/obj_kb_default/common/avr/suspend.o
                0x000000000000274e                matrix_power_down
 .text.suspend_wakeup_condition
                0x0000000000002750       0x28 .build/obj_kb_default/common/avr/suspend.o
                0x0000000000002750                suspend_wakeup_condition
 .text.suspend_wakeup_init
                0x0000000000002778        0xc .build/obj_kb_default/common/avr/suspend.o
                0x0000000000002778                suspend_wakeup_init
 .text.__vector_12
                0x0000000000002784       0x52 .build/obj_kb_default/common/avr/suspend.o
                0x0000000000002784                __vector_12
 .text.timer_init
                0x00000000000027d6       0x12 .build/obj_kb_default/common/avr/timer.o
                0x00000000000027d6                timer_init
 .text.timer_read
                0x00000000000027e8       0x18 .build/obj_kb_default/common/avr/timer.o
                0x00000000000027e8                timer_read
 .text.timer_elapsed
                0x0000000000002800       0x54 .build/obj_kb_default/common/avr/timer.o
                0x0000000000002800                timer_elapsed
 .text.__vector_21
                0x0000000000002854       0x4a .build/obj_kb_default/common/avr/timer.o
                0x0000000000002854                __vector_21
 .text.bootloader_jump
                0x000000000000289e       0x44 .build/obj_kb_default/common/avr/bootloader.o
                0x000000000000289e                bootloader_jump
 .text.scan_keycode
                0x00000000000028e2       0x6c .build/obj_kb_default/common/bootmagic.o
 .text.bootmagic_scan_keycode
                0x000000000000294e       0x1c .build/obj_kb_default/common/bootmagic.o
                0x000000000000294e                bootmagic_scan_keycode
 .text.bootmagic
                0x000000000000296a      0x252 .build/obj_kb_default/common/bootmagic.o
                0x000000000000296a                bootmagic
 .text.move_unit
                0x0000000000002bbc       0x92 .build/obj_kb_default/common/mousekey.o
 .text.wheel_unit
                0x0000000000002c4e       0x72 .build/obj_kb_default/common/mousekey.o
 .text.mousekey_on
                0x0000000000002cc0       0xd0 .build/obj_kb_default/common/mousekey.o
                0x0000000000002cc0                mousekey_on
 .text.mousekey_off
                0x0000000000002d90      0x10a .build/obj_kb_default/common/mousekey.o
                0x0000000000002d90                mousekey_off
 .text.mousekey_send
                0x0000000000002e9a       0x16 .build/obj_kb_default/common/mousekey.o
                0x0000000000002e9a                mousekey_send
 .text.mousekey_task
                0x0000000000002eb0      0x14a .build/obj_kb_default/common/mousekey.o
                0x0000000000002eb0                mousekey_task
 .text.mousekey_clear
                0x0000000000002ffa       0x18 .build/obj_kb_default/common/mousekey.o
                0x0000000000002ffa                mousekey_clear
 .text.keyboard_leds
                0x0000000000003012        0x6 .build/obj_kb_default/lufa.o
 .text.send_consumer
                0x0000000000003018       0x68 .build/obj_kb_default/lufa.o
 .text.send_system
                0x0000000000003080       0x6c .build/obj_kb_default/lufa.o
 .text.send_mouse
                0x00000000000030ec       0x46 .build/obj_kb_default/lufa.o
 .text.send_keyboard
                0x0000000000003132       0xa2 .build/obj_kb_default/lufa.o
 .text.EVENT_USB_Device_Connect
                0x00000000000031d4       0x1c .build/obj_kb_default/lufa.o
                0x00000000000031d4                EVENT_USB_Device_Connect
 .text.EVENT_USB_Device_Disconnect
                0x00000000000031f0        0x6 .build/obj_kb_default/lufa.o
                0x00000000000031f0                EVENT_USB_Device_Disconnect
 .text.EVENT_USB_Device_Reset
                0x00000000000031f6        0x2 .build/obj_kb_default/lufa.o
                0x00000000000031f6                EVENT_USB_Device_Reset
 .text.EVENT_USB_Device_Suspend
                0x00000000000031f8        0x2 .build/obj_kb_default/lufa.o
                0x00000000000031f8                EVENT_USB_Device_Suspend
 .text.EVENT_USB_Device_WakeUp
                0x00000000000031fa        0x4 .build/obj_kb_default/lufa.o
                0x00000000000031fa                EVENT_USB_Device_WakeUp
 .text.EVENT_USB_Device_ConfigurationChanged
                0x00000000000031fe       0x28 .build/obj_kb_default/lufa.o
                0x00000000000031fe                EVENT_USB_Device_ConfigurationChanged
 .text.EVENT_USB_Device_ControlRequest
                0x0000000000003226      0x164 .build/obj_kb_default/lufa.o
                0x0000000000003226                EVENT_USB_Device_ControlRequest
 .text.startup.main
                0x000000000000338a       0x76 .build/obj_kb_default/lufa.o
                0x000000000000338a                main
 .text.CALLBACK_USB_GetDescriptor
                0x0000000000003400       0xb0 .build/obj_kb_default/descriptor.o
                0x0000000000003400                CALLBACK_USB_GetDescriptor
 .text.USB_Device_SendRemoteWakeup
                0x00000000000034b0       0x2c .build/obj_kb_default/protocol/lufa/LUFA-git/LUFA/Drivers/USB/Core/AVR8/Device_AVR8.o
                0x00000000000034b0                USB_Device_SendRemoteWakeup
 .text.Endpoint_Write_Stream_LE
                0x00000000000034dc       0x96 .build/obj_kb_default/protocol/lufa/LUFA-git/LUFA/Drivers/USB/Core/AVR8/EndpointStream_AVR8.o
                0x00000000000034dc                Endpoint_Write_Stream_LE
 .text.Endpoint_Write_Control_Stream_LE
                0x0000000000003572       0xc6 .build/obj_kb_default/protocol/lufa/LUFA-git/LUFA/Drivers/USB/Core/AVR8/EndpointStream_AVR8.o
                0x0000000000003572                Endpoint_Write_Control_Stream_LE
 .text.Endpoint_Write_Control_PStream_LE
                0x0000000000003638       0xc2 .build/obj_kb_default/protocol/lufa/LUFA-git/LUFA/Drivers/USB/Core/AVR8/EndpointStream_AVR8.o
                0x0000000000003638                Endpoint_Write_Control_PStream_LE
 .text.Endpoint_ConfigureEndpoint_Prv
                0x00000000000036fa       0x6a .build/obj_kb_default/protocol/lufa/LUFA-git/LUFA/Drivers/USB/Core/AVR8/Endpoint_AVR8.o
                0x00000000000036fa                Endpoint_ConfigureEndpoint_Prv
 .text.Endpoint_ClearStatusStage
                0x0000000000003764       0x3e .build/obj_kb_default/protocol/lufa/LUFA-git/LUFA/Drivers/USB/Core/AVR8/Endpoint_AVR8.o
                0x0000000000003764                Endpoint_ClearStatusStage
 .text.Endpoint_WaitUntilReady
                0x00000000000037a2       0x64 .build/obj_kb_default/protocol/lufa/LUFA-git/LUFA/Drivers/USB/Core/AVR8/Endpoint_AVR8.o
                0x00000000000037a2                Endpoint_WaitUntilReady
 .text.USB_Disable
                0x0000000000003806       0x34 .build/obj_kb_default/protocol/lufa/LUFA-git/LUFA/Drivers/USB/Core/AVR8/USBController_AVR8.o
                0x0000000000003806                USB_Disable
 .text.USB_ResetInterface
                0x000000000000383a       0x86 .build/obj_kb_default/protocol/lufa/LUFA-git/LUFA/Drivers/USB/Core/AVR8/USBController_AVR8.o
                0x000000000000383a                USB_ResetInterface
 .text.USB_Init
                0x00000000000038c0       0x22 .build/obj_kb_default/protocol/lufa/LUFA-git/LUFA/Drivers/USB/Core/AVR8/USBController_AVR8.o
                0x00000000000038c0                USB_Init
 .text.USB_INT_DisableAllInterrupts
                0x00000000000038e2       0x10 .build/obj_kb_default/protocol/lufa/LUFA-git/LUFA/Drivers/USB/Core/AVR8/USBInterrupt_AVR8.o
                0x00000000000038e2                USB_INT_DisableAllInterrupts
 .text.USB_INT_ClearAllInterrupts
                0x00000000000038f2        0xa .build/obj_kb_default/protocol/lufa/LUFA-git/LUFA/Drivers/USB/Core/AVR8/USBInterrupt_AVR8.o
                0x00000000000038f2                USB_INT_ClearAllInterrupts
 .text.__vector_10
                0x00000000000038fc      0x1a4 .build/obj_kb_default/protocol/lufa/LUFA-git/LUFA/Drivers/USB/Core/AVR8/USBInterrupt_AVR8.o
                0x00000000000038fc                __vector_10
 .text.__vector_11
                0x0000000000003aa0       0x88 .build/obj_kb_default/protocol/lufa/LUFA-git/LUFA/Drivers/USB/Core/AVR8/USBInterrupt_AVR8.o
                0x0000000000003aa0                __vector_11
 .text.USB_Device_ProcessControlRequest
                0x0000000000003b28      0x2a2 .build/obj_kb_default/protocol/lufa/LUFA-git/LUFA/Drivers/USB/Core/DeviceStandardReq.o
                0x0000000000003b28                USB_Device_ProcessControlRequest
 .text.USB_Event_Stub
                0x0000000000003dca        0x2 .build/obj_kb_default/protocol/lufa/LUFA-git/LUFA/Drivers/USB/Core/Events.o
                0x0000000000003dca                USB_Event_Stub
                0x0000000000003dca                EVENT_USB_Device_StartOfFrame
 .text.USB_USBTask
                0x0000000000003dcc       0x36 .build/obj_kb_default/protocol/lufa/LUFA-git/LUFA/Drivers/USB/Core/USBTask.o
                0x0000000000003dcc                USB_USBTask
 .text.avr-libc.fplib
                0x0000000000003e02        0xe /usr/lib/gcc/avr/4.9.2/../../../avr/lib/avr5/libm.a(fixsfsi.o)
                0x0000000000003e02                __fixsfsi
 .text.avr-libc.fplib
                0x0000000000003e10       0x5e /usr/lib/gcc/avr/4.9.2/../../../avr/lib/avr5/libm.a(fixunssfsi.o)
                0x0000000000003e10                __fixunssfsi
 .text.avr-libc.fplib
                0x0000000000003e6e       0x7a /usr/lib/gcc/avr/4.9.2/../../../avr/lib/avr5/libm.a(floatsisf.o)
                0x0000000000003e6e                __floatunsisf
                0x0000000000003e72                __floatsisf
 .text.avr-libc.fplib
                0x0000000000003ee8       0x44 /usr/lib/gcc/avr/4.9.2/../../../avr/lib/avr5/libm.a(fp_split3.o)
                0x0000000000003ee8                __fp_split3
                0x0000000000003ef8                __fp_splitA
 .text.avr-libc.fplib
                0x0000000000003f2c        0xe /usr/lib/gcc/avr/4.9.2/../../../avr/lib/avr5/libm.a(fp_zero.o)
                0x0000000000003f2c                __fp_zero
                0x0000000000003f2e                __fp_szero
 .text.avr-libc.fplib
                0x0000000000003f3a        0x8 /usr/lib/gcc/avr/4.9.2/../../../avr/lib/avr5/libm.a(mulsf3.o)
                0x0000000000003f3a                __mulsf3
 .text.avr-libc.fplib
                0x0000000000003f42       0xd2 /usr/lib/gcc/avr/4.9.2/../../../avr/lib/avr5/libm.a(mulsf3x.o)
                0x0000000000003f60                __mulsf3x
                0x0000000000003f66                __mulsf3_pse
 .text.avr-libc.fplib
                0x0000000000004014        0xc /usr/lib/gcc/avr/4.9.2/../../../avr/lib/avr5/libm.a(fp_inf.o)
                0x0000000000004014                __fp_inf
 .text.avr-libc.fplib
                0x0000000000004020        0x6 /usr/lib/gcc/avr/4.9.2/../../../avr/lib/avr5/libm.a(fp_nan.o)
                0x0000000000004020                __fp_nan
 .text.avr-libc.fplib
                0x0000000000004026        0xe /usr/lib/gcc/avr/4.9.2/../../../avr/lib/avr5/libm.a(fp_pscA.o)
                0x0000000000004026                __fp_pscA
 .text.avr-libc.fplib
                0x0000000000004034        0xe /usr/lib/gcc/avr/4.9.2/../../../avr/lib/avr5/libm.a(fp_pscB.o)
                0x0000000000004034                __fp_pscB
 .text.avr-libc.fplib
                0x0000000000004042       0x22 /usr/lib/gcc/avr/4.9.2/../../../avr/lib/avr5/libm.a(fp_round.o)
                0x0000000000004042                __fp_round
 .text.libgcc.div
                0x0000000000004064       0x28 /usr/lib/gcc/avr/4.9.2/avr5/libgcc.a(_divmodhi4.o)
                0x0000000000004064                __divmodhi4
                0x0000000000004064                _div
 .text.libgcc   0x000000000000408c        0xc /usr/lib/gcc/avr/4.9.2/avr5/libgcc.a(_tablejump2.o)
                0x000000000000408c                __tablejump2__
 .text.libgcc.div
                0x0000000000004098       0x28 /usr/lib/gcc/avr/4.9.2/avr5/libgcc.a(_udivmodhi4.o)
                0x0000000000004098                __udivmodhi4
 .text.avr-libc
                0x00000000000040c0       0x10 /usr/lib/gcc/avr/4.9.2/../../../avr/lib/avr5/libatmega32u4.a(eerd_byte.o)
                0x00000000000040c0                eeprom_read_byte
 .text.avr-libc
                0x00000000000040d0        0xc /usr/lib/gcc/avr/4.9.2/../../../avr/lib/avr5/libatmega32u4.a(eerd_word.o)
                0x00000000000040d0                eeprom_read_word
 .text.avr-libc
                0x00000000000040dc       0x24 /usr/lib/gcc/avr/4.9.2/../../../avr/lib/avr5/libatmega32u4.a(eeupd_byte.o)
                0x00000000000040dc                eeprom_update_byte
                0x00000000000040de                eeprom_update_r18
 .text.avr-libc
                0x0000000000004100        0xc /usr/lib/gcc/avr/4.9.2/../../../avr/lib/avr5/libatmega32u4.a(eeupd_word.o)
                0x0000000000004100                eeprom_update_word
 .text.avr-libc
                0x000000000000410c       0x20 /usr/lib/gcc/avr/4.9.2/../../../avr/lib/avr5/libatmega32u4.a(eerd_block.o)
                0x000000000000410c                eeprom_read_block
                0x0000000000004110                eeprom_read_blraw
                0x000000000000412c                . = ALIGN (0x2)
 *(.fini9)
 .fini9         0x000000000000412c        0x0 /usr/lib/gcc/avr/4.9.2/avr5/libgcc.a(_exit.o)
                0x000000000000412c                exit
                0x000000000000412c                _exit
 *(.fini9)
 *(.fini8)
 *(.fini8)
 *(.fini7)
 *(.fini7)
 *(.fini6)
 *(.fini6)
 *(.fini5)
 *(.fini5)
 *(.fini4)
 *(.fini4)
 *(.fini3)
 *(.fini3)
 *(.fini2)
 *(.fini2)
 *(.fini1)
 *(.fini1)
 *(.fini0)
 .fini0         0x000000000000412c        0x4 /usr/lib/gcc/avr/4.9.2/avr5/libgcc.a(_exit.o)
 *(.fini0)
                0x0000000000004130                _etext = .

.data           0x0000000000800100       0x30 load address 0x0000000000004130
                0x0000000000800100                PROVIDE (__data_start, .)
 *(.data)
 *(.data*)
 .data.keyboard_report
                0x0000000000800100        0x2 .build/obj_kb_default/common/action_util.o
                0x0000000000800100                keyboard_report
 .data.mk_wheel_time_to_max
                0x0000000000800102        0x1 .build/obj_kb_default/common/mousekey.o
                0x0000000000800102                mk_wheel_time_to_max
 .data.mk_wheel_max_speed
                0x0000000000800103        0x1 .build/obj_kb_default/common/mousekey.o
                0x0000000000800103                mk_wheel_max_speed
 .data.mk_time_to_max
                0x0000000000800104        0x1 .build/obj_kb_default/common/mousekey.o
                0x0000000000800104                mk_time_to_max
 .data.mk_max_speed
                0x0000000000800105        0x1 .build/obj_kb_default/common/mousekey.o
                0x0000000000800105                mk_max_speed
 .data.mk_interval
                0x0000000000800106        0x1 .build/obj_kb_default/common/mousekey.o
                0x0000000000800106                mk_interval
 .data.mk_delay
                0x0000000000800107        0x1 .build/obj_kb_default/common/mousekey.o
                0x0000000000800107                mk_delay
 .data.lufa_driver
                0x0000000000800108        0xa .build/obj_kb_default/lufa.o
                0x0000000000800108                lufa_driver
 .data.keyboard_protocol
                0x0000000000800112        0x1 .build/obj_kb_default/lufa.o
                0x0000000000800112                keyboard_protocol
 *(.rodata)
 *(.rodata*)
 .rodata.col_pins
                0x0000000000800113        0x4 .build/obj_kb_default/quantum/matrix.o
 .rodata.row_pins
                0x0000000000800117        0x5 .build/obj_kb_default/quantum/matrix.o
 .rodata.CSWTCH.3
                0x000000000080011c        0x4 .build/obj_kb_default/descriptor.o
 .rodata.CSWTCH.2
                0x0000000000800120        0x8 .build/obj_kb_default/descriptor.o
 .rodata.CSWTCH.1
                0x0000000000800128        0x8 .build/obj_kb_default/descriptor.o
 *(.gnu.linkonce.d*)
                0x0000000000800130                . = ALIGN (0x2)
                0x0000000000800130                _edata = .
                0x0000000000800130                PROVIDE (__data_end, .)

.bss            0x0000000000800130       0xe5
                0x0000000000800130                PROVIDE (__bss_start, .)
 *(.bss)
 *(.bss*)
 .bss.scs_timer
                0x0000000000800130        0x2 .build/obj_kb_default/quantum/quantum.o
 .bss.shift_interrupted
                0x0000000000800132        0x2 .build/obj_kb_default/quantum/quantum.o
 .bss.leader_sequence_size
                0x0000000000800134        0x1 .build/obj_kb_default/quantum/process_keycode/process_leader.o
                0x0000000000800134                leader_sequence_size
 .bss.leader_sequence
                0x0000000000800135        0xa .build/obj_kb_default/quantum/process_keycode/process_leader.o
                0x0000000000800135                leader_sequence
 .bss.leader_time
                0x000000000080013f        0x2 .build/obj_kb_default/quantum/process_keycode/process_leader.o
                0x000000000080013f                leader_time
 .bss.leading   0x0000000000800141        0x1 .build/obj_kb_default/quantum/process_keycode/process_leader.o
                0x0000000000800141                leading
 .bss.matrix_debouncing
                0x0000000000800142        0x5 .build/obj_kb_default/quantum/matrix.o
 .bss.matrix_raw
                0x0000000000800147        0x5 .build/obj_kb_default/quantum/matrix.o
 .bss.matrix    0x000000000080014c        0x5 .build/obj_kb_default/quantum/matrix.o
 .bss.debouncing
                0x0000000000800151        0x1 .build/obj_kb_default/quantum/matrix.o
 .bss.debouncing_time
                0x0000000000800152        0x2 .build/obj_kb_default/quantum/matrix.o
 .bss.last_consumer_report
                0x0000000000800154        0x2 .build/obj_kb_default/common/host.o
 .bss.last_system_report
                0x0000000000800156        0x2 .build/obj_kb_default/common/host.o
 .bss.driver    0x0000000000800158        0x2 .build/obj_kb_default/common/host.o
 .bss.led_status.4916
                0x000000000080015a        0x1 .build/obj_kb_default/common/keyboard.o
 .bss.matrix_prev.4915
                0x000000000080015b        0x5 .build/obj_kb_default/common/keyboard.o
 .bss.disable_action_cache
                0x0000000000800160        0x1 .build/obj_kb_default/common/action.o
                0x0000000000800160                disable_action_cache
 .bss.waiting_buffer_tail
                0x0000000000800161        0x1 .build/obj_kb_default/common/action_tapping.o
 .bss.waiting_buffer_head
                0x0000000000800162        0x1 .build/obj_kb_default/common/action_tapping.o
 .bss.waiting_buffer
                0x0000000000800163       0x30 .build/obj_kb_default/common/action_tapping.o
 .bss.tapping_key
                0x0000000000800193        0x6 .build/obj_kb_default/common/action_tapping.o
 .bss.source_layers_cache
                0x0000000000800199        0xf .build/obj_kb_default/common/action_layer.o
                0x0000000000800199                source_layers_cache
 .bss.layer_state
                0x00000000008001a8        0x4 .build/obj_kb_default/common/action_layer.o
                0x00000000008001a8                layer_state
 .bss.default_layer_state
                0x00000000008001ac        0x4 .build/obj_kb_default/common/action_layer.o
                0x00000000008001ac                default_layer_state
 .bss.oneshot_layer_data
                0x00000000008001b0        0x1 .build/obj_kb_default/common/action_util.o
 .bss.oneshot_mods
                0x00000000008001b1        0x1 .build/obj_kb_default/common/action_util.o
 .bss.__compound_literal.0
                0x00000000008001b2       0x20 .build/obj_kb_default/common/action_util.o
 .bss.macro_mods
                0x00000000008001d2        0x1 .build/obj_kb_default/common/action_util.o
 .bss.weak_mods
                0x00000000008001d3        0x1 .build/obj_kb_default/common/action_util.o
 .bss.real_mods
                0x00000000008001d4        0x1 .build/obj_kb_default/common/action_util.o
 .bss.debug_config
                0x00000000008001d5        0x1 .build/obj_kb_default/common/debug.o
                0x00000000008001d5                debug_config
 .bss.wdt_timeout
                0x00000000008001d6        0x1 .build/obj_kb_default/common/avr/suspend.o
 .bss.last_timer
                0x00000000008001d7        0x2 .build/obj_kb_default/common/mousekey.o
 .bss.mousekey_accel
                0x00000000008001d9        0x1 .build/obj_kb_default/common/mousekey.o
 .bss.mousekey_repeat
                0x00000000008001da        0x1 .build/obj_kb_default/common/mousekey.o
 .bss.mouse_report
                0x00000000008001db        0x5 .build/obj_kb_default/common/mousekey.o
 .bss.keyboard_report_sent
                0x00000000008001e0       0x20 .build/obj_kb_default/lufa.o
 .bss.keyboard_led_stats
                0x0000000000800200        0x1 .build/obj_kb_default/lufa.o
 .bss.keyboard_idle
                0x0000000000800201        0x1 .build/obj_kb_default/lufa.o
                0x0000000000800201                keyboard_idle
 *(COMMON)
 COMMON         0x0000000000800202        0x4 .build/obj_kb_default/common/avr/timer.o
                0x0000000000800202                timer_count
 COMMON         0x0000000000800206        0x2 .build/obj_kb_default/common/bootmagic.o
                0x0000000000800206                keymap_config
 COMMON         0x0000000000800208        0x3 .build/obj_kb_default/protocol/lufa/LUFA-git/LUFA/Drivers/USB/Core/DeviceStandardReq.o
                0x0000000000800208                USB_Device_ConfigurationNumber
                0x0000000000800209                USB_Device_CurrentlySelfPowered
                0x000000000080020a                USB_Device_RemoteWakeupEnabled
 COMMON         0x000000000080020b        0xa .build/obj_kb_default/protocol/lufa/LUFA-git/LUFA/Drivers/USB/Core/USBTask.o
                0x000000000080020b                USB_IsInitialized
                0x000000000080020c                USB_DeviceState
                0x000000000080020d                USB_ControlRequest
                0x0000000000800215                PROVIDE (__bss_end, .)
                0x0000000000004130                __data_load_start = LOADADDR (.data)
                0x0000000000004160                __data_load_end = (__data_load_start + SIZEOF (.data))

.noinit         0x0000000000800215        0x4
                [!provide]                        PROVIDE (__noinit_start, .)
 *(.noinit*)
 .noinit        0x0000000000800215        0x4 .build/obj_kb_default/common/avr/bootloader.o
                0x0000000000800215                reset_key
                [!provide]                        PROVIDE (__noinit_end, .)
                0x0000000000800219                _end = .
                [!provide]                        PROVIDE (__heap_start, .)

.eeprom         0x0000000000810000        0x0
 *(.eeprom*)
                0x0000000000810000                __eeprom_end = .

.fuse
 *(.fuse)
 *(.lfuse)
 *(.hfuse)
 *(.efuse)

.lock
 *(.lock*)

.signature
 *(.signature*)

.user_signatures
 *(.user_signatures*)

.stab
 *(.stab)

.stabstr        0x0000000000000000       0x6f
 *(.stabstr)
 .stabstr       0x0000000000000000       0x6f .build/obj_kb_default/common/avr/xprintf.o

.stab.excl
 *(.stab.excl)

.stab.exclstr
 *(.stab.exclstr)

.stab.index
 *(.stab.index)

.stab.indexstr
 *(.stab.indexstr)

.comment        0x0000000000000000       0x11
 *(.comment)
 .comment       0x0000000000000000       0x11 .build/obj_kb_default/keyboards/kb/keymaps/default/keymap.o
                                         0x12 (size before relaxing)
 .comment       0x0000000000000011       0x12 .build/obj_kb_default/quantum/quantum.o
 .comment       0x0000000000000011       0x12 .build/obj_kb_default/quantum/keymap_common.o
 .comment       0x0000000000000011       0x12 .build/obj_kb_default/quantum/keycode_config.o
 .comment       0x0000000000000011       0x12 .build/obj_kb_default/quantum/process_keycode/process_leader.o
 .comment       0x0000000000000011       0x12 .build/obj_kb_default/quantum/matrix.o
 .comment       0x0000000000000011       0x12 .build/obj_kb_default/common/host.o
 .comment       0x0000000000000011       0x12 .build/obj_kb_default/common/keyboard.o
 .comment       0x0000000000000011       0x12 .build/obj_kb_default/common/action.o
 .comment       0x0000000000000011       0x12 .build/obj_kb_default/common/action_tapping.o
 .comment       0x0000000000000011       0x12 .build/obj_kb_default/common/action_macro.o
 .comment       0x0000000000000011       0x12 .build/obj_kb_default/common/action_layer.o
 .comment       0x0000000000000011       0x12 .build/obj_kb_default/common/action_util.o
 .comment       0x0000000000000011       0x12 .build/obj_kb_default/common/debug.o
 .comment       0x0000000000000011       0x12 .build/obj_kb_default/common/eeconfig.o
 .comment       0x0000000000000011       0x12 .build/obj_kb_default/common/avr/suspend.o
 .comment       0x0000000000000011       0x12 .build/obj_kb_default/common/avr/timer.o
 .comment       0x0000000000000011       0x12 .build/obj_kb_default/common/avr/bootloader.o
 .comment       0x0000000000000011       0x12 .build/obj_kb_default/common/bootmagic.o
 .comment       0x0000000000000011       0x12 .build/obj_kb_default/common/mousekey.o
 .comment       0x0000000000000011       0x12 .build/obj_kb_default/lufa.o
 .comment       0x0000000000000011       0x12 .build/obj_kb_default/descriptor.o
 .comment       0x0000000000000011       0x12 .build/obj_kb_default/protocol/lufa/LUFA-git/LUFA/Drivers/USB/Core/AVR8/Device_AVR8.o
 .comment       0x0000000000000011       0x12 .build/obj_kb_default/protocol/lufa/LUFA-git/LUFA/Drivers/USB/Core/AVR8/EndpointStream_AVR8.o
 .comment       0x0000000000000011       0x12 .build/obj_kb_default/protocol/lufa/LUFA-git/LUFA/Drivers/USB/Core/AVR8/Endpoint_AVR8.o
 .comment       0x0000000000000011       0x12 .build/obj_kb_default/protocol/lufa/LUFA-git/LUFA/Drivers/USB/Core/AVR8/USBController_AVR8.o
 .comment       0x0000000000000011       0x12 .build/obj_kb_default/protocol/lufa/LUFA-git/LUFA/Drivers/USB/Core/AVR8/USBInterrupt_AVR8.o
 .comment       0x0000000000000011       0x12 .build/obj_kb_default/protocol/lufa/LUFA-git/LUFA/Drivers/USB/Core/DeviceStandardReq.o
 .comment       0x0000000000000011       0x12 .build/obj_kb_default/protocol/lufa/LUFA-git/LUFA/Drivers/USB/Core/Events.o
 .comment       0x0000000000000011       0x12 .build/obj_kb_default/protocol/lufa/LUFA-git/LUFA/Drivers/USB/Core/USBTask.o

.note.gnu.avr.deviceinfo
                0x0000000000000000       0x40
 .note.gnu.avr.deviceinfo
                0x0000000000000000       0x40 /usr/lib/gcc/avr/4.9.2/../../../avr/lib/avr5/crtatmega32u4.o

.note.gnu.build-id
 *(.note.gnu.build-id)

.debug
 *(.debug)

.line
 *(.line)

.debug_srcinfo
 *(.debug_srcinfo)

.debug_sfnames
 *(.debug_sfnames)

.debug_aranges  0x0000000000000000      0xa10
 *(.debug_aranges)
 .debug_aranges
                0x0000000000000000       0x40 .build/obj_kb_default/keyboards/kb/keymaps/default/keymap.o
 .debug_aranges
                0x0000000000000040       0xe8 .build/obj_kb_default/quantum/quantum.o
 .debug_aranges
                0x0000000000000128       0x40 .build/obj_kb_default/quantum/keymap_common.o
 .debug_aranges
                0x0000000000000168       0x20 .build/obj_kb_default/quantum/keycode_config.o
 .debug_aranges
                0x0000000000000188       0x30 .build/obj_kb_default/quantum/process_keycode/process_leader.o
 .debug_aranges
                0x00000000000001b8       0x90 .build/obj_kb_default/quantum/matrix.o
 .debug_aranges
                0x0000000000000248       0x60 .build/obj_kb_default/common/host.o
 .debug_aranges
                0x00000000000002a8       0x40 .build/obj_kb_default/common/keyboard.o
 .debug_aranges
                0x00000000000002e8       0x90 .build/obj_kb_default/common/action.o
 .debug_aranges
                0x0000000000000378       0x40 .build/obj_kb_default/common/action_tapping.o
 .debug_aranges
                0x00000000000003b8       0x20 .build/obj_kb_default/common/action_macro.o
 .debug_aranges
                0x00000000000003d8       0xb0 .build/obj_kb_default/common/action_layer.o
 .debug_aranges
                0x0000000000000488      0x128 .build/obj_kb_default/common/action_util.o
 .debug_aranges
                0x00000000000005b0       0x18 .build/obj_kb_default/common/debug.o
 .debug_aranges
                0x00000000000005c8       0x68 .build/obj_kb_default/common/eeconfig.o
 .debug_aranges
                0x0000000000000630       0x50 .build/obj_kb_default/common/avr/suspend.o
 .debug_aranges
                0x0000000000000680       0x50 .build/obj_kb_default/common/avr/timer.o
 .debug_aranges
                0x00000000000006d0       0x28 .build/obj_kb_default/common/avr/bootloader.o
 .debug_aranges
                0x00000000000006f8       0x30 .build/obj_kb_default/common/bootmagic.o
 .debug_aranges
                0x0000000000000728       0x50 .build/obj_kb_default/common/mousekey.o
 .debug_aranges
                0x0000000000000778       0x88 .build/obj_kb_default/lufa.o
 .debug_aranges
                0x0000000000000800       0x20 .build/obj_kb_default/descriptor.o
 .debug_aranges
                0x0000000000000820       0x20 .build/obj_kb_default/protocol/lufa/LUFA-git/LUFA/Drivers/USB/Core/AVR8/Device_AVR8.o
 .debug_aranges
                0x0000000000000840       0xc8 .build/obj_kb_default/protocol/lufa/LUFA-git/LUFA/Drivers/USB/Core/AVR8/EndpointStream_AVR8.o
 .debug_aranges
                0x0000000000000908       0x40 .build/obj_kb_default/protocol/lufa/LUFA-git/LUFA/Drivers/USB/Core/AVR8/Endpoint_AVR8.o
 .debug_aranges
                0x0000000000000948       0x30 .build/obj_kb_default/protocol/lufa/LUFA-git/LUFA/Drivers/USB/Core/AVR8/USBController_AVR8.o
 .debug_aranges
                0x0000000000000978       0x38 .build/obj_kb_default/protocol/lufa/LUFA-git/LUFA/Drivers/USB/Core/AVR8/USBInterrupt_AVR8.o
 .debug_aranges
                0x00000000000009b0       0x20 .build/obj_kb_default/protocol/lufa/LUFA-git/LUFA/Drivers/USB/Core/DeviceStandardReq.o
 .debug_aranges
                0x00000000000009d0       0x20 .build/obj_kb_default/protocol/lufa/LUFA-git/LUFA/Drivers/USB/Core/Events.o
 .debug_aranges
                0x00000000000009f0       0x20 .build/obj_kb_default/protocol/lufa/LUFA-git/LUFA/Drivers/USB/Core/USBTask.o

.debug_pubnames
 *(.debug_pubnames)

.debug_info     0x0000000000000000    0x105c5
 *(.debug_info .gnu.linkonce.wi.*)
 .debug_info    0x0000000000000000      0xc98 .build/obj_kb_default/keyboards/kb/keymaps/default/keymap.o
 .debug_info    0x0000000000000c98     0x1773 .build/obj_kb_default/quantum/quantum.o
 .debug_info    0x000000000000240b     0x11c8 .build/obj_kb_default/quantum/keymap_common.o
 .debug_info    0x00000000000035d3      0x5ec .build/obj_kb_default/quantum/keycode_config.o
 .debug_info    0x0000000000003bbf      0x5d9 .build/obj_kb_default/quantum/process_keycode/process_leader.o
 .debug_info    0x0000000000004198      0x6dc .build/obj_kb_default/quantum/matrix.o
 .debug_info    0x0000000000004874      0x4a9 .build/obj_kb_default/common/host.o
 .debug_info    0x0000000000004d1d      0x435 .build/obj_kb_default/common/keyboard.o
 .debug_info    0x0000000000005152     0x1942 .build/obj_kb_default/common/action.o
 .debug_info    0x0000000000006a94      0xe54 .build/obj_kb_default/common/action_tapping.o
 .debug_info    0x00000000000078e8      0x83e .build/obj_kb_default/common/action_macro.o
 .debug_info    0x0000000000008126      0xab9 .build/obj_kb_default/common/action_layer.o
 .debug_info    0x0000000000008bdf      0x9a2 .build/obj_kb_default/common/action_util.o
 .debug_info    0x0000000000009581       0xfc .build/obj_kb_default/common/debug.o
 .debug_info    0x000000000000967d      0x3cb .build/obj_kb_default/common/eeconfig.o
 .debug_info    0x0000000000009a48      0x2fc .build/obj_kb_default/common/avr/suspend.o
 .debug_info    0x0000000000009d44      0x389 .build/obj_kb_default/common/avr/timer.o
 .debug_info    0x000000000000a0cd      0x204 .build/obj_kb_default/common/avr/bootloader.o
 .debug_info    0x000000000000a2d1      0xb74 .build/obj_kb_default/common/bootmagic.o
 .debug_info    0x000000000000ae45      0x63f .build/obj_kb_default/common/mousekey.o
 .debug_info    0x000000000000b484     0x10ff .build/obj_kb_default/lufa.o
 .debug_info    0x000000000000c583      0x7b9 .build/obj_kb_default/descriptor.o
 .debug_info    0x000000000000cd3c       0xd2 .build/obj_kb_default/protocol/lufa/LUFA-git/LUFA/Drivers/USB/Core/AVR8/Device_AVR8.o
 .debug_info    0x000000000000ce0e     0x17d6 .build/obj_kb_default/protocol/lufa/LUFA-git/LUFA/Drivers/USB/Core/AVR8/EndpointStream_AVR8.o
 .debug_info    0x000000000000e5e4      0x614 .build/obj_kb_default/protocol/lufa/LUFA-git/LUFA/Drivers/USB/Core/AVR8/Endpoint_AVR8.o
 .debug_info    0x000000000000ebf8      0x4cb .build/obj_kb_default/protocol/lufa/LUFA-git/LUFA/Drivers/USB/Core/AVR8/USBController_AVR8.o
 .debug_info    0x000000000000f0c3      0x7c8 .build/obj_kb_default/protocol/lufa/LUFA-git/LUFA/Drivers/USB/Core/AVR8/USBInterrupt_AVR8.o
 .debug_info    0x000000000000f88b      0xa57 .build/obj_kb_default/protocol/lufa/LUFA-git/LUFA/Drivers/USB/Core/DeviceStandardReq.o
 .debug_info    0x00000000000102e2       0x78 .build/obj_kb_default/protocol/lufa/LUFA-git/LUFA/Drivers/USB/Core/Events.o
 .debug_info    0x000000000001035a      0x26b .build/obj_kb_default/protocol/lufa/LUFA-git/LUFA/Drivers/USB/Core/USBTask.o

.debug_abbrev   0x0000000000000000     0x3aa6
 *(.debug_abbrev)
 .debug_abbrev  0x0000000000000000      0x173 .build/obj_kb_default/keyboards/kb/keymaps/default/keymap.o
 .debug_abbrev  0x0000000000000173      0x3c2 .build/obj_kb_default/quantum/quantum.o
 .debug_abbrev  0x0000000000000535      0x228 .build/obj_kb_default/quantum/keymap_common.o
 .debug_abbrev  0x000000000000075d       0xd0 .build/obj_kb_default/quantum/keycode_config.o
 .debug_abbrev  0x000000000000082d      0x150 .build/obj_kb_default/quantum/process_keycode/process_leader.o
 .debug_abbrev  0x000000000000097d      0x31d .build/obj_kb_default/quantum/matrix.o
 .debug_abbrev  0x0000000000000c9a      0x183 .build/obj_kb_default/common/host.o
 .debug_abbrev  0x0000000000000e1d      0x23d .build/obj_kb_default/common/keyboard.o
 .debug_abbrev  0x000000000000105a      0x342 .build/obj_kb_default/common/action.o
 .debug_abbrev  0x000000000000139c      0x2d7 .build/obj_kb_default/common/action_tapping.o
 .debug_abbrev  0x0000000000001673      0x192 .build/obj_kb_default/common/action_macro.o
 .debug_abbrev  0x0000000000001805      0x289 .build/obj_kb_default/common/action_layer.o
 .debug_abbrev  0x0000000000001a8e      0x30e .build/obj_kb_default/common/action_util.o
 .debug_abbrev  0x0000000000001d9c       0x87 .build/obj_kb_default/common/debug.o
 .debug_abbrev  0x0000000000001e23       0xef .build/obj_kb_default/common/eeconfig.o
 .debug_abbrev  0x0000000000001f12      0x204 .build/obj_kb_default/common/avr/suspend.o
 .debug_abbrev  0x0000000000002116      0x18d .build/obj_kb_default/common/avr/timer.o
 .debug_abbrev  0x00000000000022a3      0x15c .build/obj_kb_default/common/avr/bootloader.o
 .debug_abbrev  0x00000000000023ff      0x269 .build/obj_kb_default/common/bootmagic.o
 .debug_abbrev  0x0000000000002668      0x1e9 .build/obj_kb_default/common/mousekey.o
 .debug_abbrev  0x0000000000002851      0x3fe .build/obj_kb_default/lufa.o
 .debug_abbrev  0x0000000000002c4f      0x177 .build/obj_kb_default/descriptor.o
 .debug_abbrev  0x0000000000002dc6       0x80 .build/obj_kb_default/protocol/lufa/LUFA-git/LUFA/Drivers/USB/Core/AVR8/Device_AVR8.o
 .debug_abbrev  0x0000000000002e46      0x204 .build/obj_kb_default/protocol/lufa/LUFA-git/LUFA/Drivers/USB/Core/AVR8/EndpointStream_AVR8.o
 .debug_abbrev  0x000000000000304a      0x213 .build/obj_kb_default/protocol/lufa/LUFA-git/LUFA/Drivers/USB/Core/AVR8/Endpoint_AVR8.o
 .debug_abbrev  0x000000000000325d      0x196 .build/obj_kb_default/protocol/lufa/LUFA-git/LUFA/Drivers/USB/Core/AVR8/USBController_AVR8.o
 .debug_abbrev  0x00000000000033f3      0x23e .build/obj_kb_default/protocol/lufa/LUFA-git/LUFA/Drivers/USB/Core/AVR8/USBInterrupt_AVR8.o
 .debug_abbrev  0x0000000000003631      0x2c9 .build/obj_kb_default/protocol/lufa/LUFA-git/LUFA/Drivers/USB/Core/DeviceStandardReq.o
 .debug_abbrev  0x00000000000038fa       0x44 .build/obj_kb_default/protocol/lufa/LUFA-git/LUFA/Drivers/USB/Core/Events.o
 .debug_abbrev  0x000000000000393e      0x168 .build/obj_kb_default/protocol/lufa/LUFA-git/LUFA/Drivers/USB/Core/USBTask.o

.debug_line     0x0000000000000000     0x7513
 *(.debug_line .debug_line.* .debug_line_end)
 .debug_line    0x0000000000000000      0x175 .build/obj_kb_default/keyboards/kb/keymaps/default/keymap.o
 .debug_line    0x0000000000000175      0x764 .build/obj_kb_default/quantum/quantum.o
 .debug_line    0x00000000000008d9      0x369 .build/obj_kb_default/quantum/keymap_common.o
 .debug_line    0x0000000000000c42      0x13a .build/obj_kb_default/quantum/keycode_config.o
 .debug_line    0x0000000000000d7c      0x1b1 .build/obj_kb_default/quantum/process_keycode/process_leader.o
 .debug_line    0x0000000000000f2d      0x35b .build/obj_kb_default/quantum/matrix.o
 .debug_line    0x0000000000001288      0x1ca .build/obj_kb_default/common/host.o
 .debug_line    0x0000000000001452      0x219 .build/obj_kb_default/common/keyboard.o
 .debug_line    0x000000000000166b      0x891 .build/obj_kb_default/common/action.o
 .debug_line    0x0000000000001efc      0x4d6 .build/obj_kb_default/common/action_tapping.o
 .debug_line    0x00000000000023d2      0x1bb .build/obj_kb_default/common/action_macro.o
 .debug_line    0x000000000000258d      0x3b0 .build/obj_kb_default/common/action_layer.o
 .debug_line    0x000000000000293d      0x55b .build/obj_kb_default/common/action_util.o
 .debug_line    0x0000000000002e98       0x63 .build/obj_kb_default/common/debug.o
 .debug_line    0x0000000000002efb      0x178 .build/obj_kb_default/common/eeconfig.o
 .debug_line    0x0000000000003073      0x28a .build/obj_kb_default/common/avr/suspend.o
 .debug_line    0x00000000000032fd      0x224 .build/obj_kb_default/common/avr/timer.o
 .debug_line    0x0000000000003521      0x1ce .build/obj_kb_default/common/avr/bootloader.o
 .debug_line    0x00000000000036ef      0x398 .build/obj_kb_default/common/bootmagic.o
 .debug_line    0x0000000000003a87      0x5e2 .build/obj_kb_default/common/mousekey.o
 .debug_line    0x0000000000004069      0x815 .build/obj_kb_default/lufa.o
 .debug_line    0x000000000000487e      0x208 .build/obj_kb_default/descriptor.o
 .debug_line    0x0000000000004a86      0x13c .build/obj_kb_default/protocol/lufa/LUFA-git/LUFA/Drivers/USB/Core/AVR8/Device_AVR8.o
 .debug_line    0x0000000000004bc2     0x1448 .build/obj_kb_default/protocol/lufa/LUFA-git/LUFA/Drivers/USB/Core/AVR8/EndpointStream_AVR8.o
 .debug_line    0x000000000000600a      0x51b .build/obj_kb_default/protocol/lufa/LUFA-git/LUFA/Drivers/USB/Core/AVR8/Endpoint_AVR8.o
 .debug_line    0x0000000000006525      0x357 .build/obj_kb_default/protocol/lufa/LUFA-git/LUFA/Drivers/USB/Core/AVR8/USBController_AVR8.o
 .debug_line    0x000000000000687c      0x5bf .build/obj_kb_default/protocol/lufa/LUFA-git/LUFA/Drivers/USB/Core/AVR8/USBInterrupt_AVR8.o
 .debug_line    0x0000000000006e3b      0x4c2 .build/obj_kb_default/protocol/lufa/LUFA-git/LUFA/Drivers/USB/Core/DeviceStandardReq.o
 .debug_line    0x00000000000072fd       0x6e .build/obj_kb_default/protocol/lufa/LUFA-git/LUFA/Drivers/USB/Core/Events.o
 .debug_line    0x000000000000736b      0x1a8 .build/obj_kb_default/protocol/lufa/LUFA-git/LUFA/Drivers/USB/Core/USBTask.o

.debug_frame    0x0000000000000000     0x1920
 *(.debug_frame)
 .debug_frame   0x0000000000000000       0x64 .build/obj_kb_default/keyboards/kb/keymaps/default/keymap.o
 .debug_frame   0x0000000000000064      0x280 .build/obj_kb_default/quantum/quantum.o
 .debug_frame   0x00000000000002e4       0x64 .build/obj_kb_default/quantum/keymap_common.o
 .debug_frame   0x0000000000000348       0x24 .build/obj_kb_default/quantum/keycode_config.o
 .debug_frame   0x000000000000036c       0x58 .build/obj_kb_default/quantum/process_keycode/process_leader.o
 .debug_frame   0x00000000000003c4      0x190 .build/obj_kb_default/quantum/matrix.o
 .debug_frame   0x0000000000000554       0xa4 .build/obj_kb_default/common/host.o
 .debug_frame   0x00000000000005f8       0x9c .build/obj_kb_default/common/keyboard.o
 .debug_frame   0x0000000000000694      0x1ac .build/obj_kb_default/common/action.o
 .debug_frame   0x0000000000000840       0xc8 .build/obj_kb_default/common/action_tapping.o
 .debug_frame   0x0000000000000908       0x48 .build/obj_kb_default/common/action_macro.o
 .debug_frame   0x0000000000000950      0x1dc .build/obj_kb_default/common/action_layer.o
 .debug_frame   0x0000000000000b2c      0x240 .build/obj_kb_default/common/action_util.o
 .debug_frame   0x0000000000000d6c       0xb4 .build/obj_kb_default/common/eeconfig.o
 .debug_frame   0x0000000000000e20       0xb0 .build/obj_kb_default/common/avr/suspend.o
 .debug_frame   0x0000000000000ed0       0xf0 .build/obj_kb_default/common/avr/timer.o
 .debug_frame   0x0000000000000fc0       0x34 .build/obj_kb_default/common/avr/bootloader.o
 .debug_frame   0x0000000000000ff4       0x80 .build/obj_kb_default/common/bootmagic.o
 .debug_frame   0x0000000000001074       0x98 .build/obj_kb_default/common/mousekey.o
 .debug_frame   0x000000000000110c      0x128 .build/obj_kb_default/lufa.o
 .debug_frame   0x0000000000001234       0x24 .build/obj_kb_default/descriptor.o
 .debug_frame   0x0000000000001258       0x24 .build/obj_kb_default/protocol/lufa/LUFA-git/LUFA/Drivers/USB/Core/AVR8/Device_AVR8.o
 .debug_frame   0x000000000000127c      0x42c .build/obj_kb_default/protocol/lufa/LUFA-git/LUFA/Drivers/USB/Core/AVR8/EndpointStream_AVR8.o
 .debug_frame   0x00000000000016a8       0x88 .build/obj_kb_default/protocol/lufa/LUFA-git/LUFA/Drivers/USB/Core/AVR8/Endpoint_AVR8.o
 .debug_frame   0x0000000000001730       0x5c .build/obj_kb_default/protocol/lufa/LUFA-git/LUFA/Drivers/USB/Core/AVR8/USBController_AVR8.o
 .debug_frame   0x000000000000178c      0x108 .build/obj_kb_default/protocol/lufa/LUFA-git/LUFA/Drivers/USB/Core/AVR8/USBInterrupt_AVR8.o
 .debug_frame   0x0000000000001894       0x3c .build/obj_kb_default/protocol/lufa/LUFA-git/LUFA/Drivers/USB/Core/DeviceStandardReq.o
 .debug_frame   0x00000000000018d0       0x24 .build/obj_kb_default/protocol/lufa/LUFA-git/LUFA/Drivers/USB/Core/Events.o
 .debug_frame   0x00000000000018f4       0x2c .build/obj_kb_default/protocol/lufa/LUFA-git/LUFA/Drivers/USB/Core/USBTask.o

.debug_str      0x0000000000000000     0x42e8
 *(.debug_str)
 .debug_str     0x0000000000000000     0x1002 .build/obj_kb_default/keyboards/kb/keymaps/default/keymap.o
                                       0x1070 (size before relaxing)
 .debug_str     0x0000000000001002      0x45b .build/obj_kb_default/quantum/quantum.o
                                       0x11a5 (size before relaxing)
 .debug_str     0x000000000000145d      0x30b .build/obj_kb_default/quantum/keymap_common.o
                                       0x1387 (size before relaxing)
 .debug_str     0x0000000000001768       0x19 .build/obj_kb_default/quantum/keycode_config.o
                                        0x7f9 (size before relaxing)
 .debug_str     0x0000000000001781       0x7a .build/obj_kb_default/quantum/process_keycode/process_leader.o
                                        0x780 (size before relaxing)
 .debug_str     0x00000000000017fb      0x173 .build/obj_kb_default/quantum/matrix.o
                                        0x3d7 (size before relaxing)
 .debug_str     0x000000000000196e      0x12f .build/obj_kb_default/common/host.o
                                        0x369 (size before relaxing)
 .debug_str     0x0000000000001a9d       0xd6 .build/obj_kb_default/common/keyboard.o
                                        0x33e (size before relaxing)
 .debug_str     0x0000000000001b73      0x3a6 .build/obj_kb_default/common/action.o
                                       0x12ad (size before relaxing)
 .debug_str     0x0000000000001f19       0xe8 .build/obj_kb_default/common/action_tapping.o
                                        0xb00 (size before relaxing)
 .debug_str     0x0000000000002001       0x76 .build/obj_kb_default/common/action_macro.o
                                        0x884 (size before relaxing)
 .debug_str     0x0000000000002077       0x94 .build/obj_kb_default/common/action_layer.o
                                        0x4cc (size before relaxing)
 .debug_str     0x000000000000210b      0x178 .build/obj_kb_default/common/action_util.o
                                        0x5f9 (size before relaxing)
 .debug_str     0x0000000000002283       0x1a .build/obj_kb_default/common/debug.o
                                        0x1ce (size before relaxing)
 .debug_str     0x000000000000229d       0xea .build/obj_kb_default/common/eeconfig.o
                                        0x2b3 (size before relaxing)
 .debug_str     0x0000000000002387      0x169 .build/obj_kb_default/common/avr/suspend.o
                                        0x36d (size before relaxing)
 .debug_str     0x00000000000024f0       0x81 .build/obj_kb_default/common/avr/timer.o
                                        0x22f (size before relaxing)
 .debug_str     0x0000000000002571       0x69 .build/obj_kb_default/common/avr/bootloader.o
                                        0x278 (size before relaxing)
 .debug_str     0x00000000000025da       0x35 .build/obj_kb_default/common/bootmagic.o
                                        0xa09 (size before relaxing)
 .debug_str     0x000000000000260f       0xc2 .build/obj_kb_default/common/mousekey.o
                                        0x676 (size before relaxing)
 .debug_str     0x00000000000026d1      0x4e4 .build/obj_kb_default/lufa.o
                                        0x990 (size before relaxing)
 .debug_str     0x0000000000002bb5      0x76e .build/obj_kb_default/descriptor.o
                                        0x96e (size before relaxing)
 .debug_str     0x0000000000003323       0x77 .build/obj_kb_default/protocol/lufa/LUFA-git/LUFA/Drivers/USB/Core/AVR8/Device_AVR8.o
                                        0x20e (size before relaxing)
 .debug_str     0x000000000000339a      0x4d5 .build/obj_kb_default/protocol/lufa/LUFA-git/LUFA/Drivers/USB/Core/AVR8/EndpointStream_AVR8.o
                                        0x870 (size before relaxing)
 .debug_str     0x000000000000386f      0x26d .build/obj_kb_default/protocol/lufa/LUFA-git/LUFA/Drivers/USB/Core/AVR8/Endpoint_AVR8.o
                                        0x630 (size before relaxing)
 .debug_str     0x0000000000003adc      0x1d9 .build/obj_kb_default/protocol/lufa/LUFA-git/LUFA/Drivers/USB/Core/AVR8/USBController_AVR8.o
                                        0x56f (size before relaxing)
 .debug_str     0x0000000000003cb5      0x15f .build/obj_kb_default/protocol/lufa/LUFA-git/LUFA/Drivers/USB/Core/AVR8/USBInterrupt_AVR8.o
                                        0x5ee (size before relaxing)
 .debug_str     0x0000000000003e14      0x426 .build/obj_kb_default/protocol/lufa/LUFA-git/LUFA/Drivers/USB/Core/DeviceStandardReq.o
                                        0x9e2 (size before relaxing)
 .debug_str     0x000000000000423a       0x50 .build/obj_kb_default/protocol/lufa/LUFA-git/LUFA/Drivers/USB/Core/Events.o
                                        0x1b4 (size before relaxing)
 .debug_str     0x000000000000428a       0x5e .build/obj_kb_default/protocol/lufa/LUFA-git/LUFA/Drivers/USB/Core/USBTask.o
                                        0x395 (size before relaxing)

.debug_loc      0x0000000000000000     0x73b4
 *(.debug_loc)
 .debug_loc     0x0000000000000000       0x4c .build/obj_kb_default/keyboards/kb/keymaps/default/keymap.o
 .debug_loc     0x000000000000004c      0x8c6 .build/obj_kb_default/quantum/quantum.o
 .debug_loc     0x0000000000000912      0x470 .build/obj_kb_default/quantum/keymap_common.o
 .debug_loc     0x0000000000000d82      0x116 .build/obj_kb_default/quantum/keycode_config.o
 .debug_loc     0x0000000000000e98       0xf2 .build/obj_kb_default/quantum/process_keycode/process_leader.o
 .debug_loc     0x0000000000000f8a      0x519 .build/obj_kb_default/quantum/matrix.o
 .debug_loc     0x00000000000014a3       0xd8 .build/obj_kb_default/common/host.o
 .debug_loc     0x000000000000157b      0x18b .build/obj_kb_default/common/keyboard.o
 .debug_loc     0x0000000000001706      0x9c1 .build/obj_kb_default/common/action.o
 .debug_loc     0x00000000000020c7      0x64e .build/obj_kb_default/common/action_tapping.o
 .debug_loc     0x0000000000002715      0x4f9 .build/obj_kb_default/common/action_macro.o
 .debug_loc     0x0000000000002c0e      0x91c .build/obj_kb_default/common/action_layer.o
 .debug_loc     0x000000000000352a      0x361 .build/obj_kb_default/common/action_util.o
 .debug_loc     0x000000000000388b       0x84 .build/obj_kb_default/common/eeconfig.o
 .debug_loc     0x000000000000390f       0xc5 .build/obj_kb_default/common/avr/suspend.o
 .debug_loc     0x00000000000039d4      0x2aa .build/obj_kb_default/common/avr/timer.o
 .debug_loc     0x0000000000003c7e      0x275 .build/obj_kb_default/common/bootmagic.o
 .debug_loc     0x0000000000003ef3      0x3e6 .build/obj_kb_default/common/mousekey.o
 .debug_loc     0x00000000000042d9      0x576 .build/obj_kb_default/lufa.o
 .debug_loc     0x000000000000484f      0x20a .build/obj_kb_default/descriptor.o
 .debug_loc     0x0000000000004a59     0x1ea0 .build/obj_kb_default/protocol/lufa/LUFA-git/LUFA/Drivers/USB/Core/AVR8/EndpointStream_AVR8.o
 .debug_loc     0x00000000000068f9      0x3df .build/obj_kb_default/protocol/lufa/LUFA-git/LUFA/Drivers/USB/Core/AVR8/Endpoint_AVR8.o
 .debug_loc     0x0000000000006cd8       0x49 .build/obj_kb_default/protocol/lufa/LUFA-git/LUFA/Drivers/USB/Core/AVR8/USBController_AVR8.o
 .debug_loc     0x0000000000006d21      0x363 .build/obj_kb_default/protocol/lufa/LUFA-git/LUFA/Drivers/USB/Core/AVR8/USBInterrupt_AVR8.o
 .debug_loc     0x0000000000007084      0x2e7 .build/obj_kb_default/protocol/lufa/LUFA-git/LUFA/Drivers/USB/Core/DeviceStandardReq.o
 .debug_loc     0x000000000000736b       0x49 .build/obj_kb_default/protocol/lufa/LUFA-git/LUFA/Drivers/USB/Core/USBTask.o

.debug_macinfo
 *(.debug_macinfo)

.debug_weaknames
 *(.debug_weaknames)

.debug_funcnames
 *(.debug_funcnames)

.debug_typenames
 *(.debug_typenames)

.debug_varnames
 *(.debug_varnames)

.debug_pubtypes
 *(.debug_pubtypes)

.debug_ranges   0x0000000000000000      0xb68
 *(.debug_ranges)
 .debug_ranges  0x0000000000000000       0x30 .build/obj_kb_default/keyboards/kb/keymaps/default/keymap.o
 .debug_ranges  0x0000000000000030       0xd8 .build/obj_kb_default/quantum/quantum.o
 .debug_ranges  0x0000000000000108       0x30 .build/obj_kb_default/quantum/keymap_common.o
 .debug_ranges  0x0000000000000138       0x10 .build/obj_kb_default/quantum/keycode_config.o
 .debug_ranges  0x0000000000000148       0x20 .build/obj_kb_default/quantum/process_keycode/process_leader.o
 .debug_ranges  0x0000000000000168       0xb0 .build/obj_kb_default/quantum/matrix.o
 .debug_ranges  0x0000000000000218       0x50 .build/obj_kb_default/common/host.o
 .debug_ranges  0x0000000000000268       0x50 .build/obj_kb_default/common/keyboard.o
 .debug_ranges  0x00000000000002b8       0x80 .build/obj_kb_default/common/action.o
 .debug_ranges  0x0000000000000338       0x48 .build/obj_kb_default/common/action_tapping.o
 .debug_ranges  0x0000000000000380       0x28 .build/obj_kb_default/common/action_macro.o
 .debug_ranges  0x00000000000003a8      0x148 .build/obj_kb_default/common/action_layer.o
 .debug_ranges  0x00000000000004f0      0x160 .build/obj_kb_default/common/action_util.o
 .debug_ranges  0x0000000000000650       0x58 .build/obj_kb_default/common/eeconfig.o
 .debug_ranges  0x00000000000006a8       0x40 .build/obj_kb_default/common/avr/suspend.o
 .debug_ranges  0x00000000000006e8       0x40 .build/obj_kb_default/common/avr/timer.o
 .debug_ranges  0x0000000000000728       0x18 .build/obj_kb_default/common/avr/bootloader.o
 .debug_ranges  0x0000000000000740       0x38 .build/obj_kb_default/common/bootmagic.o
 .debug_ranges  0x0000000000000778       0x40 .build/obj_kb_default/common/mousekey.o
 .debug_ranges  0x00000000000007b8       0x78 .build/obj_kb_default/lufa.o
 .debug_ranges  0x0000000000000830       0x10 .build/obj_kb_default/descriptor.o
 .debug_ranges  0x0000000000000840       0x10 .build/obj_kb_default/protocol/lufa/LUFA-git/LUFA/Drivers/USB/Core/AVR8/Device_AVR8.o
 .debug_ranges  0x0000000000000850      0x1f8 .build/obj_kb_default/protocol/lufa/LUFA-git/LUFA/Drivers/USB/Core/AVR8/EndpointStream_AVR8.o
 .debug_ranges  0x0000000000000a48       0x78 .build/obj_kb_default/protocol/lufa/LUFA-git/LUFA/Drivers/USB/Core/AVR8/Endpoint_AVR8.o
 .debug_ranges  0x0000000000000ac0       0x20 .build/obj_kb_default/protocol/lufa/LUFA-git/LUFA/Drivers/USB/Core/AVR8/USBController_AVR8.o
 .debug_ranges  0x0000000000000ae0       0x40 .build/obj_kb_default/protocol/lufa/LUFA-git/LUFA/Drivers/USB/Core/AVR8/USBInterrupt_AVR8.o
 .debug_ranges  0x0000000000000b20       0x28 .build/obj_kb_default/protocol/lufa/LUFA-git/LUFA/Drivers/USB/Core/DeviceStandardReq.o
 .debug_ranges  0x0000000000000b48       0x10 .build/obj_kb_default/protocol/lufa/LUFA-git/LUFA/Drivers/USB/Core/Events.o
 .debug_ranges  0x0000000000000b58       0x10 .build/obj_kb_default/protocol/lufa/LUFA-git/LUFA/Drivers/USB/Core/USBTask.o

.debug_macro
 *(.debug_macro)
OUTPUT(.build/kb_default.elf elf32-avr)
LOAD linker stubs

Cross Reference Table

Symbol                                            File
CALLBACK_HIDParser_FilterHIDReportItem            .build/obj_kb_default/protocol/lufa/LUFA-git/LUFA/Drivers/USB/Class/Common/HIDParser.o
CALLBACK_USB_GetDescriptor                        .build/obj_kb_default/descriptor.o
                                                  .build/obj_kb_default/protocol/lufa/LUFA-git/LUFA/Drivers/USB/Core/DeviceStandardReq.o
ConfigurationDescriptor                           .build/obj_kb_default/descriptor.o
DeviceDescriptor                                  .build/obj_kb_default/descriptor.o
EVENT_USB_Device_ConfigurationChanged             .build/obj_kb_default/lufa.o
                                                  .build/obj_kb_default/protocol/lufa/LUFA-git/LUFA/Drivers/USB/Core/DeviceStandardReq.o
EVENT_USB_Device_Connect                          .build/obj_kb_default/lufa.o
                                                  .build/obj_kb_default/protocol/lufa/LUFA-git/LUFA/Drivers/USB/Core/AVR8/USBInterrupt_AVR8.o
EVENT_USB_Device_ControlRequest                   .build/obj_kb_default/lufa.o
                                                  .build/obj_kb_default/protocol/lufa/LUFA-git/LUFA/Drivers/USB/Core/DeviceStandardReq.o
EVENT_USB_Device_Disconnect                       .build/obj_kb_default/lufa.o
                                                  .build/obj_kb_default/protocol/lufa/LUFA-git/LUFA/Drivers/USB/Core/AVR8/USBInterrupt_AVR8.o
EVENT_USB_Device_Reset                            .build/obj_kb_default/lufa.o
                                                  .build/obj_kb_default/protocol/lufa/LUFA-git/LUFA/Drivers/USB/Core/AVR8/USBInterrupt_AVR8.o
EVENT_USB_Device_StartOfFrame                     .build/obj_kb_default/protocol/lufa/LUFA-git/LUFA/Drivers/USB/Core/Events.o
                                                  .build/obj_kb_default/protocol/lufa/LUFA-git/LUFA/Drivers/USB/Core/AVR8/USBInterrupt_AVR8.o
EVENT_USB_Device_Suspend                          .build/obj_kb_default/lufa.o
                                                  .build/obj_kb_default/protocol/lufa/LUFA-git/LUFA/Drivers/USB/Core/AVR8/USBInterrupt_AVR8.o
EVENT_USB_Device_WakeUp                           .build/obj_kb_default/lufa.o
                                                  .build/obj_kb_default/protocol/lufa/LUFA-git/LUFA/Drivers/USB/Core/AVR8/USBInterrupt_AVR8.o
Endpoint_ClearEndpoints                           .build/obj_kb_default/protocol/lufa/LUFA-git/LUFA/Drivers/USB/Core/AVR8/Endpoint_AVR8.o
Endpoint_ClearStatusStage                         .build/obj_kb_default/protocol/lufa/LUFA-git/LUFA/Drivers/USB/Core/AVR8/Endpoint_AVR8.o
                                                  .build/obj_kb_default/protocol/lufa/LUFA-git/LUFA/Drivers/USB/Core/DeviceStandardReq.o
                                                  .build/obj_kb_default/lufa.o
Endpoint_ConfigureEndpointTable                   .build/obj_kb_default/protocol/lufa/LUFA-git/LUFA/Drivers/USB/Core/AVR8/Endpoint_AVR8.o
Endpoint_ConfigureEndpoint_Prv                    .build/obj_kb_default/protocol/lufa/LUFA-git/LUFA/Drivers/USB/Core/AVR8/Endpoint_AVR8.o
                                                  .build/obj_kb_default/protocol/lufa/LUFA-git/LUFA/Drivers/USB/Core/AVR8/USBInterrupt_AVR8.o
                                                  .build/obj_kb_default/protocol/lufa/LUFA-git/LUFA/Drivers/USB/Core/AVR8/USBController_AVR8.o
                                                  .build/obj_kb_default/lufa.o
Endpoint_Discard_Stream                           .build/obj_kb_default/protocol/lufa/LUFA-git/LUFA/Drivers/USB/Core/AVR8/EndpointStream_AVR8.o
Endpoint_Null_Stream                              .build/obj_kb_default/protocol/lufa/LUFA-git/LUFA/Drivers/USB/Core/AVR8/EndpointStream_AVR8.o
Endpoint_Read_Control_EStream_BE                  .build/obj_kb_default/protocol/lufa/LUFA-git/LUFA/Drivers/USB/Core/AVR8/EndpointStream_AVR8.o
Endpoint_Read_Control_EStream_LE                  .build/obj_kb_default/protocol/lufa/LUFA-git/LUFA/Drivers/USB/Core/AVR8/EndpointStream_AVR8.o
Endpoint_Read_Control_Stream_BE                   .build/obj_kb_default/protocol/lufa/LUFA-git/LUFA/Drivers/USB/Core/AVR8/EndpointStream_AVR8.o
Endpoint_Read_Control_Stream_LE                   .build/obj_kb_default/protocol/lufa/LUFA-git/LUFA/Drivers/USB/Core/AVR8/EndpointStream_AVR8.o
Endpoint_Read_EStream_BE                          .build/obj_kb_default/protocol/lufa/LUFA-git/LUFA/Drivers/USB/Core/AVR8/EndpointStream_AVR8.o
Endpoint_Read_EStream_LE                          .build/obj_kb_default/protocol/lufa/LUFA-git/LUFA/Drivers/USB/Core/AVR8/EndpointStream_AVR8.o
Endpoint_Read_Stream_BE                           .build/obj_kb_default/protocol/lufa/LUFA-git/LUFA/Drivers/USB/Core/AVR8/EndpointStream_AVR8.o
Endpoint_Read_Stream_LE                           .build/obj_kb_default/protocol/lufa/LUFA-git/LUFA/Drivers/USB/Core/AVR8/EndpointStream_AVR8.o
Endpoint_WaitUntilReady                           .build/obj_kb_default/protocol/lufa/LUFA-git/LUFA/Drivers/USB/Core/AVR8/Endpoint_AVR8.o
                                                  .build/obj_kb_default/protocol/lufa/LUFA-git/LUFA/Drivers/USB/Core/AVR8/EndpointStream_AVR8.o
Endpoint_Write_Control_EStream_BE                 .build/obj_kb_default/protocol/lufa/LUFA-git/LUFA/Drivers/USB/Core/AVR8/EndpointStream_AVR8.o
Endpoint_Write_Control_EStream_LE                 .build/obj_kb_default/protocol/lufa/LUFA-git/LUFA/Drivers/USB/Core/AVR8/EndpointStream_AVR8.o
Endpoint_Write_Control_PStream_BE                 .build/obj_kb_default/protocol/lufa/LUFA-git/LUFA/Drivers/USB/Core/AVR8/EndpointStream_AVR8.o
Endpoint_Write_Control_PStream_LE                 .build/obj_kb_default/protocol/lufa/LUFA-git/LUFA/Drivers/USB/Core/AVR8/EndpointStream_AVR8.o
                                                  .build/obj_kb_default/protocol/lufa/LUFA-git/LUFA/Drivers/USB/Core/DeviceStandardReq.o
Endpoint_Write_Control_Stream_BE                  .build/obj_kb_default/protocol/lufa/LUFA-git/LUFA/Drivers/USB/Core/AVR8/EndpointStream_AVR8.o
Endpoint_Write_Control_Stream_LE                  .build/obj_kb_default/protocol/lufa/LUFA-git/LUFA/Drivers/USB/Core/AVR8/EndpointStream_AVR8.o
                                                  .build/obj_kb_default/protocol/lufa/LUFA-git/LUFA/Drivers/USB/Core/DeviceStandardReq.o
                                                  .build/obj_kb_default/lufa.o
Endpoint_Write_EStream_BE                         .build/obj_kb_default/protocol/lufa/LUFA-git/LUFA/Drivers/USB/Core/AVR8/EndpointStream_AVR8.o
Endpoint_Write_EStream_LE                         .build/obj_kb_default/protocol/lufa/LUFA-git/LUFA/Drivers/USB/Core/AVR8/EndpointStream_AVR8.o
Endpoint_Write_PStream_BE                         .build/obj_kb_default/protocol/lufa/LUFA-git/LUFA/Drivers/USB/Core/AVR8/EndpointStream_AVR8.o
Endpoint_Write_PStream_LE                         .build/obj_kb_default/protocol/lufa/LUFA-git/LUFA/Drivers/USB/Core/AVR8/EndpointStream_AVR8.o
Endpoint_Write_Stream_BE                          .build/obj_kb_default/protocol/lufa/LUFA-git/LUFA/Drivers/USB/Core/AVR8/EndpointStream_AVR8.o
Endpoint_Write_Stream_LE                          .build/obj_kb_default/protocol/lufa/LUFA-git/LUFA/Drivers/USB/Core/AVR8/EndpointStream_AVR8.o
                                                  .build/obj_kb_default/lufa.o
ExtrakeyReport                                    .build/obj_kb_default/descriptor.o
KeyboardReport                                    .build/obj_kb_default/descriptor.o
LanguageString                                    .build/obj_kb_default/descriptor.o
ManufacturerString                                .build/obj_kb_default/descriptor.o
MouseReport                                       .build/obj_kb_default/descriptor.o
NKROReport                                        .build/obj_kb_default/descriptor.o
ProductString                                     .build/obj_kb_default/descriptor.o
USB_ControlRequest                                .build/obj_kb_default/protocol/lufa/LUFA-git/LUFA/Drivers/USB/Core/USBTask.o
                                                  .build/obj_kb_default/protocol/lufa/LUFA-git/LUFA/Drivers/USB/Core/DeviceStandardReq.o
                                                  .build/obj_kb_default/protocol/lufa/LUFA-git/LUFA/Drivers/USB/Core/AVR8/Endpoint_AVR8.o
                                                  .build/obj_kb_default/protocol/lufa/LUFA-git/LUFA/Drivers/USB/Core/AVR8/EndpointStream_AVR8.o
                                                  .build/obj_kb_default/lufa.o
USB_DeviceState                                   .build/obj_kb_default/protocol/lufa/LUFA-git/LUFA/Drivers/USB/Core/USBTask.o
                                                  .build/obj_kb_default/protocol/lufa/LUFA-git/LUFA/Drivers/USB/Core/DeviceStandardReq.o
                                                  .build/obj_kb_default/protocol/lufa/LUFA-git/LUFA/Drivers/USB/Core/AVR8/USBInterrupt_AVR8.o
                                                  .build/obj_kb_default/protocol/lufa/LUFA-git/LUFA/Drivers/USB/Core/AVR8/USBController_AVR8.o